- bsd-new AND gpl-2.0
- - BSD-3-clause and GPL-2
  - zlib
  - zlib
  - zlib
  - Expat
  - BSD-3-clause and GPL-2
  - Expat
  - Expat
  - GPL-2
  - BSD-3-clause
- (bsd-new AND (gpl-2.0 AND gpl-2.0 AND gpl-2.0)) AND zlib AND zlib AND mit AND (bsd-new AND
  (gpl-2.0 AND gpl-2.0 AND gpl-2.0)) AND mit
- |
  2013-2018, Yann Collet
  2016, Przemyslaw Skibinski
  2016-2018, Facebook, Inc.
  1995-2006, 2011 Jean-loup Gailly
  (C) 2004, 2005, 2010, 2011, 2012, 2013 Mark Adler
  2003-2008, Yuta Mori
  2016-present, Yann Collet, Facebook, Inc.
  2015-2016 Kevin Murray <spam@kdmurray.id.au>
