- sendmail
- - other-Sendmail
- sendmail
- |
  Copyright (c) 1998-2015 Proofpoint, Inc. and its suppliers. All rights reserved.
  Copyright (c) 1983, 1995-1997 Eric P. Allman. All rights reserved.
  Copyright (c) 1988, 1993 The Regents of the University of California. All rights reserved.
