declared_license:
  - BSD-3-Clause
  - FSFULLR
  - FSFULLR
  - FSFUL
  - BSD-3-clause
  - BSD-3-clause
  - BSD-3-clause
  - BSD-3-clause
  - BSD-3-clause
  - BSD-3-clause
  - BSD-3-clause
  - BSD-3-clause
  - BSD-3-clause
  - BSD-3-clause
  - BSD-3-clause
  - BSD-3-clause
  - BSD-3-clause
  - BSD-3-clause
  - BSD-3-clause
  - BSD-3-clause
  - Expat
  - GPL-2+ or BSD-3-clause
  - public-domain
  - BSD-3-clause
  - FSFULLR
  - GPL-2+
  - BSD-3-clause
  - FSFUL
  - FSFULLR
  - Expat
  - GPL-2+
declared_license_expression: bsd-new
declared_license_expression_spdx: BSD-3-Clause
other_license_expression: bsd-new AND fsf-unlimited-no-warranty AND fsf-unlimited-no-warranty
  AND fsf-free AND bsd-new AND bsd-new AND bsd-new AND bsd-new AND bsd-new AND bsd-new AND bsd-new
  AND bsd-new AND bsd-new AND bsd-new AND bsd-new AND bsd-new AND bsd-new AND bsd-new AND bsd-new
  AND bsd-new AND (x11-xconsortium AND public-domain) AND ((gpl-2.0-plus AND gpl-2.0-plus) OR
  bsd-new) AND public-domain AND bsd-new AND fsf-unlimited-no-warranty AND (gpl-2.0-plus AND
  gpl-2.0-plus)
other_license_expression_spdx: BSD-3-Clause AND LicenseRef-scancode-fsf-unlimited-no-warranty
  AND LicenseRef-scancode-fsf-unlimited-no-warranty AND FSFUL AND BSD-3-Clause AND BSD-3-Clause
  AND BSD-3-Clause AND BSD-3-Clause AND BSD-3-Clause AND BSD-3-Clause AND BSD-3-Clause AND BSD-3-Clause
  AND BSD-3-Clause AND BSD-3-Clause AND BSD-3-Clause AND BSD-3-Clause AND BSD-3-Clause AND BSD-3-Clause
  AND BSD-3-Clause AND BSD-3-Clause AND (X11 AND LicenseRef-scancode-public-domain) AND ((GPL-2.0-or-later
  AND GPL-2.0-or-later) OR BSD-3-Clause) AND LicenseRef-scancode-public-domain AND BSD-3-Clause
  AND LicenseRef-scancode-fsf-unlimited-no-warranty AND (GPL-2.0-or-later AND GPL-2.0-or-later)
license_detections: []
other_license_detections:
  - license_expression: bsd-new
    detection_log:
      - not-combined
    matches:
      - score: '100.0'
        start_line: 155
        end_line: 177
        matched_length: 213
        match_coverage: '100.0'
        matcher: 1-hash
        license_expression: bsd-new
        rule_identifier: bsd-new_19.RULE
        rule_url: https://github.com/nexB/scancode-toolkit/tree/develop/src/licensedcode/data/rules/bsd-new_19.RULE
        referenced_filenames: []
        is_license_text: yes
        is_license_notice: no
        is_license_reference: no
        is_license_tag: no
        is_license_intro: no
        rule_length: 213
        rule_relevance: 100
        matched_text: |
          Redistribution and use in source and binary forms, with or without
          modification, are permitted provided that the following conditions
          are met:
          1. Redistributions of source code must retain the above copyright
             notice, this list of conditions and the following disclaimer.
          2. Redistributions in binary form must reproduce the above copyright
             notice, this list of conditions and the following disclaimer in the
             documentation and/or other materials provided with the distribution.
          3. Neither the name of the University nor the names of its contributors
             may be used to endorse or promote products derived from this software
             without specific prior written permission.

          THIS SOFTWARE IS PROVIDED BY THE REGENTS AND CONTRIBUTORS ``AS IS'' AND
          ANY EXPRESS OR IMPLIED WARRANTIES, INCLUDING, BUT NOT LIMITED TO, THE
          IMPLIED WARRANTIES OF MERCHANTABILITY AND FITNESS FOR A PARTICULAR PURPOSE
          ARE DISCLAIMED.  IN NO EVENT SHALL THE REGENTS OR CONTRIBUTORS BE LIABLE
          FOR ANY DIRECT, INDIRECT, INCIDENTAL, SPECIAL, EXEMPLARY, OR CONSEQUENTIAL
          DAMAGES (INCLUDING, BUT NOT LIMITED TO, PROCUREMENT OF SUBSTITUTE GOODS
          OR SERVICES; LOSS OF USE, DATA, OR PROFITS; OR BUSINESS INTERRUPTION)
          HOWEVER CAUSED AND ON ANY THEORY OF LIABILITY, WHETHER IN CONTRACT, STRICT
          LIABILITY, OR TORT (INCLUDING NEGLIGENCE OR OTHERWISE) ARISING IN ANY WAY
          OUT OF THE USE OF THIS SOFTWARE, EVEN IF ADVISED OF THE POSSIBILITY OF
          SUCH DAMAGE.
        licenses:
          - key: bsd-new
            name: BSD-3-Clause
            short_name: BSD-3-Clause
            category: Permissive
            is_exception: no
            is_unknown: no
            owner: Regents of the University of California
            homepage_url: http://www.opensource.org/licenses/BSD-3-Clause
            text_url: http://www.opensource.org/licenses/BSD-3-Clause
            reference_url: https://scancode-licensedb.aboutcode.org/bsd-new
            scancode_url: https://github.com/nexB/scancode-toolkit/tree/develop/src/licensedcode/data/licenses/bsd-new.LICENSE
            spdx_license_key: BSD-3-Clause
            spdx_url: https://spdx.org/licenses/BSD-3-Clause
  - license_expression: fsf-free
    detection_log:
      - not-combined
    matches:
      - score: '100.0'
        start_line: 180
        end_line: 181
        matched_length: 18
        match_coverage: '100.0'
        matcher: 1-hash
        license_expression: fsf-free
        rule_identifier: fsf-free.LICENSE
        rule_url: https://github.com/nexB/scancode-toolkit/tree/develop/src/licensedcode/data/licenses/fsf-free.LICENSE
        referenced_filenames: []
        is_license_text: yes
        is_license_notice: no
        is_license_reference: no
        is_license_tag: no
        is_license_intro: no
        rule_length: 18
        rule_relevance: 100
        matched_text: |
          This configure script is free software; the Free Software Foundation
          gives unlimited permission to copy, distribute and modify it.
        licenses:
          - key: fsf-free
            name: Free Software Foundation - Free Software License
            short_name: FSF Free Software License
            category: Public Domain
            is_exception: no
            is_unknown: no
            owner: Free Software Foundation (FSF)
            homepage_url: http://www.fsf.org/licensing/licenses/
            text_url: https://fedoraproject.org/wiki/Licensing/FSF_Unlimited_License
            reference_url: https://scancode-licensedb.aboutcode.org/fsf-free
            scancode_url: https://github.com/nexB/scancode-toolkit/tree/develop/src/licensedcode/data/licenses/fsf-free.LICENSE
            spdx_license_key: FSFUL
            spdx_url: https://spdx.org/licenses/FSFUL
  - license_expression: fsf-unlimited-no-warranty
    detection_log:
      - not-combined
    matches:
      - score: '100.0'
        start_line: 184
        end_line: '191'
        matched_length: 63
        match_coverage: '100.0'
        matcher: 1-hash
        license_expression: fsf-unlimited-no-warranty
        rule_identifier: fsf-unlimited-no-warranty.LICENSE
        rule_url: https://github.com/nexB/scancode-toolkit/tree/develop/src/licensedcode/data/licenses/fsf-unlimited-no-warranty.LICENSE
        referenced_filenames: []
        is_license_text: yes
        is_license_notice: no
        is_license_reference: no
        is_license_tag: no
        is_license_intro: no
        rule_length: 63
        rule_relevance: 100
        matched_text: |
          This file is free software; the Free Software Foundation
          gives unlimited permission to copy and/or distribute it,
          with or without modifications, as long as this notice is preserved.

          This program is distributed in the hope that it will be useful,
          but WITHOUT ANY WARRANTY, to the extent permitted by law; without
          even the implied warranty of MERCHANTABILITY or FITNESS FOR A
          PARTICULAR PURPOSE.
        licenses:
          - key: fsf-unlimited-no-warranty
            name: FSF Unlimited License No Warranty
            short_name: FSF Unlimited License No Warranty
            category: Permissive
            is_exception: no
            is_unknown: no
            owner: Free Software Foundation (FSF)
            homepage_url: http://www.fsf.org/licensing/licenses/
            text_url: http://www.fsf.org/licensing/licenses/
            reference_url: https://scancode-licensedb.aboutcode.org/fsf-unlimited-no-warranty
            scancode_url: https://github.com/nexB/scancode-toolkit/tree/develop/src/licensedcode/data/licenses/fsf-unlimited-no-warranty.LICENSE
            spdx_license_key: LicenseRef-scancode-fsf-unlimited-no-warranty
            spdx_url: https://github.com/nexB/scancode-toolkit/tree/develop/src/licensedcode/data/licenses/fsf-unlimited-no-warranty.LICENSE
  - license_expression: x11-xconsortium AND public-domain
    detection_log:
      - not-combined
    matches:
      - score: '100.0'
        start_line: '194'
        end_line: 214
        matched_length: 201
        match_coverage: '100.0'
        matcher: 2-aho
        license_expression: x11-xconsortium
        rule_identifier: x11-xconsortium_2.RULE
        rule_url: https://github.com/nexB/scancode-toolkit/tree/develop/src/licensedcode/data/rules/x11-xconsortium_2.RULE
        referenced_filenames: []
        is_license_text: yes
        is_license_notice: no
        is_license_reference: no
        is_license_tag: no
        is_license_intro: no
        rule_length: 201
        rule_relevance: 100
        matched_text: |
          Permission is hereby granted, free of charge, to any person obtaining a copy
          of this software and associated documentation files (the "Software"), to
          deal in the Software without restriction, including without limitation the
          rights to use, copy, modify, merge, publish, distribute, sublicense, and/or
          sell copies of the Software, and to permit persons to whom the Software is
          furnished to do so, subject to the following conditions:

          The above copyright notice and this permission notice shall be included in
          all copies or substantial portions of the Software.

          THE SOFTWARE IS PROVIDED "AS IS", WITHOUT WARRANTY OF ANY KIND, EXPRESS OR
          IMPLIED, INCLUDING BUT NOT LIMITED TO THE WARRANTIES OF MERCHANTABILITY,
          FITNESS FOR A PARTICULAR PURPOSE AND NONINFRINGEMENT.  IN NO EVENT SHALL THE
          X CONSORTIUM BE LIABLE FOR ANY CLAIM, DAMAGES OR OTHER LIABILITY, WHETHER IN
          AN ACTION OF CONTRACT, TORT OR OTHERWISE, ARISING FROM, OUT OF OR IN CONNEC-
          TION WITH THE SOFTWARE OR THE USE OR OTHER DEALINGS IN THE SOFTWARE.

          Except as contained in this notice, the name of the X Consortium shall not
          be used in advertising or otherwise to promote the sale, use or other deal-
          ings in this Software without prior written authorization from the X Consor-
          tium.
        licenses:
          - key: x11-xconsortium
            name: X11-Style (X Consortium)
            short_name: X11-Style (X Consortium)
            category: Permissive
            is_exception: no
            is_unknown: no
            owner: X Consortium
            homepage_url: http://www.xfree86.org/current/LICENSE5.html
            text_url: http://www.xfree86.org/current/LICENSE5.html
            reference_url: https://scancode-licensedb.aboutcode.org/x11-xconsortium
            scancode_url: https://github.com/nexB/scancode-toolkit/tree/develop/src/licensedcode/data/licenses/x11-xconsortium.LICENSE
            spdx_license_key: X11
            spdx_url: https://spdx.org/licenses/X11
      - score: '100.0'
        start_line: 216
        end_line: 216
        matched_length: 10
        match_coverage: '100.0'
        matcher: 2-aho
        license_expression: public-domain
        rule_identifier: public-domain_58.RULE
        rule_url: https://github.com/nexB/scancode-toolkit/tree/develop/src/licensedcode/data/rules/public-domain_58.RULE
        referenced_filenames: []
        is_license_text: yes
        is_license_notice: no
        is_license_reference: no
        is_license_tag: no
        is_license_intro: no
        rule_length: 10
        rule_relevance: 100
        matched_text: FSF changes to this file are in the public domain.
        licenses:
          - key: public-domain
            name: Public Domain
            short_name: Public Domain
            category: Public Domain
            is_exception: no
            is_unknown: no
            owner: Unspecified
            homepage_url: http://www.linfo.org/publicdomain.html
            text_url:
            reference_url: https://scancode-licensedb.aboutcode.org/public-domain
            scancode_url: https://github.com/nexB/scancode-toolkit/tree/develop/src/licensedcode/data/licenses/public-domain.LICENSE
            spdx_license_key: LicenseRef-scancode-public-domain
            spdx_url: https://github.com/nexB/scancode-toolkit/tree/develop/src/licensedcode/data/licenses/public-domain.LICENSE
  - license_expression: gpl-2.0-plus
    detection_log:
      - not-combined
    matches:
      - score: '100.0'
        start_line: 218
        end_line: 218
        matched_length: 3
        match_coverage: '100.0'
        matcher: 1-hash
        license_expression: gpl-2.0-plus
        rule_identifier: gpl-2.0-plus_22.RULE
        rule_url: https://github.com/nexB/scancode-toolkit/tree/develop/src/licensedcode/data/rules/gpl-2.0-plus_22.RULE
        referenced_filenames: []
        is_license_text: no
        is_license_notice: no
        is_license_reference: no
        is_license_tag: yes
        is_license_intro: no
        rule_length: 3
        rule_relevance: 100
        matched_text: 'License: gpl-2+'
        licenses:
          - key: gpl-2.0-plus
            name: GNU General Public License 2.0 or later
            short_name: GPL 2.0 or later
            category: Copyleft
            is_exception: no
            is_unknown: no
            owner: Free Software Foundation (FSF)
            homepage_url: http://www.gnu.org/licenses/old-licenses/gpl-2.0-standalone.html
            text_url: http://www.gnu.org/licenses/old-licenses/gpl-2.0-standalone.html
            reference_url: https://scancode-licensedb.aboutcode.org/gpl-2.0-plus
            scancode_url: https://github.com/nexB/scancode-toolkit/tree/develop/src/licensedcode/data/licenses/gpl-2.0-plus.LICENSE
            spdx_license_key: GPL-2.0-or-later
            spdx_url: https://spdx.org/licenses/GPL-2.0-or-later
      - score: '100.0'
        start_line: 219
        end_line: 234
        matched_length: 134
        match_coverage: '100.0'
        matcher: 1-hash
        license_expression: gpl-2.0-plus
        rule_identifier: gpl-2.0-plus_737.RULE
        rule_url: https://github.com/nexB/scancode-toolkit/tree/develop/src/licensedcode/data/rules/gpl-2.0-plus_737.RULE
        referenced_filenames:
          - /usr/share/common-licenses/GPL-2
        is_license_text: no
        is_license_notice: yes
        is_license_reference: no
        is_license_tag: no
        is_license_intro: no
        rule_length: 134
        rule_relevance: 100
        matched_text: |
          This program is free software; you can redistribute it and/or modify
          it under the terms of the GNU General Public License as published by
          the Free Software Foundation; either version 2, or (at your option)
          any later version.

          This program is distributed in the hope that it will be useful,
          but WITHOUT ANY WARRANTY; without even the implied warranty of
          MERCHANTABILITY or FITNESS FOR A PARTICULAR PURPOSE.  See the GNU
          General Public License for more details.

          You should have received a copy of the GNU General Public License along
          with this program; if not, write to the Free Software Foundation,
          Inc., 51 Franklin Street, Fifth Floor, Boston, MA 02110-1301, USA.

          On Debian systems, the complete text of the GNU General Public License
          version 2 can be found in ‘/usr/share/common-licenses/GPL-2’.
        licenses:
          - key: gpl-2.0-plus
            name: GNU General Public License 2.0 or later
            short_name: GPL 2.0 or later
            category: Copyleft
            is_exception: no
            is_unknown: no
            owner: Free Software Foundation (FSF)
            homepage_url: http://www.gnu.org/licenses/old-licenses/gpl-2.0-standalone.html
            text_url: http://www.gnu.org/licenses/old-licenses/gpl-2.0-standalone.html
            reference_url: https://scancode-licensedb.aboutcode.org/gpl-2.0-plus
            scancode_url: https://github.com/nexB/scancode-toolkit/tree/develop/src/licensedcode/data/licenses/gpl-2.0-plus.LICENSE
            spdx_license_key: GPL-2.0-or-later
            spdx_url: https://spdx.org/licenses/GPL-2.0-or-later
  - license_expression: public-domain
    detection_log:
      - not-combined
    matches:
      - score: '99.0'
        start_line: 138
        end_line: 138
        matched_length: 3
        match_coverage: '100.0'
        matcher: 1-hash
        license_expression: public-domain
        rule_identifier: pypi_public_domain.RULE
        rule_url: https://github.com/nexB/scancode-toolkit/tree/develop/src/licensedcode/data/rules/pypi_public_domain.RULE
        referenced_filenames: []
        is_license_text: no
        is_license_notice: no
        is_license_reference: no
        is_license_tag: yes
        is_license_intro: no
        rule_length: 3
        rule_relevance: 99
        matched_text: 'License: public-domain'
        licenses:
          - key: public-domain
            name: Public Domain
            short_name: Public Domain
            category: Public Domain
            is_exception: no
            is_unknown: no
            owner: Unspecified
            homepage_url: http://www.linfo.org/publicdomain.html
            text_url:
            reference_url: https://scancode-licensedb.aboutcode.org/public-domain
            scancode_url: https://github.com/nexB/scancode-toolkit/tree/develop/src/licensedcode/data/licenses/public-domain.LICENSE
            spdx_license_key: LicenseRef-scancode-public-domain
            spdx_url: https://github.com/nexB/scancode-toolkit/tree/develop/src/licensedcode/data/licenses/public-domain.LICENSE
copyright: |
  1989-1994 The Regents of the University of California. All rights reserved.
  1997 Christos Zoulas. All rights reserved.
  1997-2018 Herbert Xu <herbert@gondor.apana.org.au>. All rights reserved.
  1994-2011, Free Software Foundation, Inc.
  1996-2011, Free Software Foundation, Inc.
  1992-1996, 1998-2012, Free Software Foundation, Inc.
  1997, 1998, 1999, 2000, 2001, 2002, 2003, 2004, Herbert Xu <herbert@debian.org>
  2004, 2005, 2006, 2007, 2008, 2009, 2010, 2012, 2014, Gerrit Pape <pape@smarden.org>
  2009, Luk Claes <luk@debian.org>
  2010, 2011, Jonathan Nieder <jrnieder@gmail.com>
  2010, Adam D. Barratt <adam@adam-barratt.org.uk>
  2010, Christian Perrier <bubulle@debian.org>
  2013, Michael Gilbert <mgilbert@debian.org>
  2016, Helmut Grohne <helmut@subdivi.de>
  2016, Mattia Rizzolo <mattia@debian.org>
  2016, Niels Thykier <niels@thykier.net>
  2017, Adam Borowski <kilobyte@angband.pl>
  2017, Ximin Luo <infinity0@debian.org>
  2018, 2019, Andrej Shadura <andrewsh@debian.org>
  2008, 2009, Damyan Ivanov <dmn@debian.org>
  2008, Xabier Bilbao <xabidu@gmail.com>
  2008, 2010, Iñaki Larrañaga Murgoitio <dooteo@euskalgnu.org>
  2008, 2011, Mert Dirik <mertdirik@gmail.com>
  2004, Claus Hindsgaul <claus_h@image.dk>
  2006, Claus Hindsgaul <claus.hindsgaul@gmail.com>
  2010, Joe Hansen <joedalton2@yahoo.dk>
  2006-2009, Helge Kreutzmann <debian@helgefjell.de>
  2008, 2009, Software in the Public Interest
  2008, Fernando Cerezal López <kryptos21@gmail.com>
  2009, Francisco Javier Cuadrado <fcocuadrado@gmail.com>
  2009, Julien Patriarca <patriarcaj@gmail.com>
  2008, Thijs Kinkhorst <thijs@debian.org>
  2010, Eric Spreen <erispre@gmail.com>
  2008, André Luís Lopes <andrelop@debian.org>
  2008-2010, Adriano Rafael Gomes <adrianorg@gmail.com>
  2008, André Luís Lopes <andrelop@debian.org>
  2008-2010, Adriano Rafael Gomes <adrianorg@gmail.com>
  2011, Slavko <linux@slavino.sk>
  2008, Eddy Petrișor <eddy.petrisor@gmail.com>
  2012, Andrei Popescu <andreimpopescu@gmail.com
  2011, Zlatan Todorić <zlatan.todoric@gmail.com>
  2008, Martin Ågren <martin.agren@gmail.com>
  2009, Martin Bagge <brother@bsnet.se>
  2005-2010, Clytie Siddall <clytie@riverland.net.au>
  2010, Free Software Foundation, Inc.
  1994, X Consortium
  1999, 2000, 2003—2012, Free Software Foundation, Inc.
  Erik Baalbergen, Eric Gisin, Arnold Robbins, J.T. Conklin
  1997-2005, 2007, Herbert Xu <herbert@gondor.apana.org.au>.
  1989, 1991, 1993, 1995, The Regents of the University of California.
  1994-2011, Free Software
  1992, 1996, 1997, 1999, 2000, 2002-2012, Free Software Foundation, Inc.
