[
  {
    "type": "npm",
    "namespace": "@invisionag",
    "name": "eslint-config-ivx",
    "version": "0.0.2",
    "qualifiers": {},
    "subpath": null,
    "primary_language": "JavaScript",
    "description": null,
    "release_date": null,
    "parties": [
      {
        "type": "person",
        "role": "author",
        "name": "Alexander Plavinski",
        "email": "alexander.plavinski@invision.de",
        "url": null
      }
    ],
    "keywords": [],
    "homepage_url": null,
    "download_url": "https://registry.npmjs.org/@invisionag/eslint-config-ivx/-/eslint-config-ivx-0.0.2.tgz",
    "size": null,
    "sha1": null,
    "md5": null,
    "sha256": null,
    "sha512": null,
    "bug_tracking_url": null,
    "code_view_url": null,
    "vcs_url": "https://github.com/ivx/eslint-config-ivx.git",
    "copyright": null,
    "declared_license_expression": "mit",
    "declared_license_expression_spdx": "MIT",
    "license_detections": [
      {
        "license_expression": "mit",
        "detection_log": [
          "not-combined"
        ],
        "matches": [
          {
            "score": 100.0,
            "start_line": 1,
            "end_line": 1,
            "matched_length": 1,
            "match_coverage": 100.0,
            "matcher": "1-spdx-id",
            "license_expression": "mit",
            "rule_identifier": "spdx-license-identifier: mit",
            "rule_url": null,
            "referenced_filenames": [],
            "is_license_text": false,
            "is_license_notice": false,
            "is_license_reference": false,
            "is_license_tag": true,
            "is_license_intro": false,
            "rule_length": 1,
            "rule_relevance": 100,
            "matched_text": "MIT",
            "licenses": [
              {
                "key": "mit",
                "name": "MIT License",
                "short_name": "MIT License",
                "category": "Permissive",
                "is_exception": false,
                "is_unknown": false,
                "owner": "MIT",
                "homepage_url": "http://opensource.org/licenses/mit-license.php",
                "text_url": "http://opensource.org/licenses/mit-license.php",
                "reference_url": "https://scancode-licensedb.aboutcode.org/mit",
                "scancode_url": "https://github.com/nexB/scancode-toolkit/tree/develop/src/licensedcode/data/licenses/mit.LICENSE",
                "spdx_license_key": "MIT",
                "spdx_url": "https://spdx.org/licenses/MIT"
              }
            ]
          }
        ]
      }
    ],
    "other_license_expression": null,
    "other_license_expression_spdx": null,
    "other_license_detections": [],
    "extracted_license_statement": "['MIT']",
    "notice_text": null,
    "source_packages": [],
    "file_references": [],
    "extra_data": {},
    "dependencies": [
      {
        "purl": "pkg:npm/babel-eslint",
        "extracted_requirement": "^7.2.3",
        "scope": "dependencies",
        "is_runtime": true,
        "is_optional": false,
        "is_resolved": false,
        "resolved_package": {},
        "extra_data": {}
      },
      {
        "purl": "pkg:npm/eslint-config-airbnb",
        "extracted_requirement": "^15.0.2",
        "scope": "dependencies",
        "is_runtime": true,
        "is_optional": false,
        "is_resolved": false,
        "resolved_package": {},
        "extra_data": {}
      },
      {
        "purl": "pkg:npm/eslint-config-prettier",
        "extracted_requirement": "^2.3.0",
        "scope": "dependencies",
        "is_runtime": true,
        "is_optional": false,
        "is_resolved": false,
        "resolved_package": {},
        "extra_data": {}
      },
      {
        "purl": "pkg:npm/eslint-plugin-flowtype",
        "extracted_requirement": "^2.34.1",
        "scope": "dependencies",
        "is_runtime": true,
        "is_optional": false,
        "is_resolved": false,
        "resolved_package": {},
        "extra_data": {}
      },
      {
        "purl": "pkg:npm/eslint-plugin-import",
        "extracted_requirement": "^2.6.1",
        "scope": "dependencies",
        "is_runtime": true,
        "is_optional": false,
        "is_resolved": false,
        "resolved_package": {},
        "extra_data": {}
      },
      {
        "purl": "pkg:npm/eslint-plugin-jsx-a11y",
        "extracted_requirement": "^5.1.1",
        "scope": "dependencies",
        "is_runtime": true,
        "is_optional": false,
        "is_resolved": false,
        "resolved_package": {},
        "extra_data": {}
      },
      {
        "purl": "pkg:npm/eslint-plugin-prettier",
        "extracted_requirement": "^2.1.2",
        "scope": "dependencies",
        "is_runtime": true,
        "is_optional": false,
        "is_resolved": false,
        "resolved_package": {},
        "extra_data": {}
      },
      {
        "purl": "pkg:npm/eslint-plugin-react",
        "extracted_requirement": "^7.1.0",
        "scope": "dependencies",
        "is_runtime": true,
        "is_optional": false,
        "is_resolved": false,
        "resolved_package": {},
        "extra_data": {}
      },
      {
        "purl": "pkg:npm/eslint",
        "extracted_requirement": "^3.19.0",
        "scope": "devDependencies",
        "is_runtime": false,
        "is_optional": true,
        "is_resolved": false,
        "resolved_package": {},
        "extra_data": {}
      },
      {
        "purl": "pkg:npm/prettier",
        "extracted_requirement": "^1.5.2",
        "scope": "devDependencies",
        "is_runtime": false,
        "is_optional": true,
        "is_resolved": false,
        "resolved_package": {},
        "extra_data": {}
      },
      {
        "purl": "pkg:npm/eslint",
        "extracted_requirement": "^3.19.0",
        "scope": "peerDependencies",
        "is_runtime": true,
        "is_optional": false,
        "is_resolved": false,
        "resolved_package": {},
        "extra_data": {}
      },
      {
        "purl": "pkg:npm/prettier",
        "extracted_requirement": "^1.5.2",
        "scope": "peerDependencies",
        "is_runtime": true,
        "is_optional": false,
        "is_resolved": false,
        "resolved_package": {},
        "extra_data": {}
      }
    ],
    "repository_homepage_url": "https://www.npmjs.com/package/@invisionag/eslint-config-ivx",
    "repository_download_url": "https://registry.npmjs.org/@invisionag/eslint-config-ivx/-/eslint-config-ivx-0.0.2.tgz",
    "api_data_url": "https://registry.npmjs.org/@invisionag%2feslint-config-ivx",
    "datasource_id": "npm_package_json",
    "purl": "pkg:npm/%40invisionag/eslint-config-ivx@0.0.2"
  }
]