- None
- - Binary redistribution (wl1251)
- proprietary-license
- 2000-2016, Texas Instruments Incorporated
