-
- hauppauge-firmware-oem
- Copyright 2003-2006 Hauppauge
