- None
- - Binary redistribution (Realtek permissive)
  - Binary redistribution (Realtek restrictive)
- other-permissive AND intel
- |
  2010-2013, Realtek Semiconductor Corporation
  2009-2010, Realtek Semiconductor Corporation
