- lgpl-2.1-plus AND lgpl-3.0-plus
- - LGPL-2.1+
  - GPL-2+
- (lgpl-2.1-plus AND lgpl-3.0-plus) AND (gpl-2.0-plus AND gpl-3.0-plus)
- |
  2006-2013 Bastien Nocera <hadess@hadess.net>
  2010 Giovanni Campagna <scampa.giovanni@gmail.com>
  2005-2008 Marcel Holtmann <marcel@holtmann.org>
  2013 Intel Corporation
  2009 Bastien Nocera <hadess@hadess.net>
