- bsd-simplified
- - BSD-2-clause
- bsd-simplified
- |
  1999-2010 Joey Hess <joeyh@debian.org>
  2003 Tomohiro KUBOTA <kubota@debian.org>
  2004-2010 Colin Watson <cjwatson@debian.org>
  2000 Randolph Chung <tausq@debian.org>
  2000-2010 Joey Hess <joeyh@debian.org>
  2005-2010 Colin Watson <cjwatson@debian.org>
  2003 Peter Rockai <mornfall@logisys.dyndns.org>
  2003-2010 Colin Watson <cjwatson@debian.org>
  2010 Sune Vuorela <sune@debian.org>
  2011 Modestas Vainius <modax@debian.org>
  Eric Gillespie <epg@debian.org>
  Matthew Palmer <mjp16@ieee.uow.edu.au>
  2002 Moshe Zadka <m@moshez.org>
  2005 Canonical Ltd.
  2001-2010 Joey Hess <joeyh@debian.org>
  2003 Sylvain Ferriol <sylvain.ferriol@imag.fr>
  2003 Petter Reinholdtsen <pere@hungry.com>
  2005 Sylvain Ferriol <Sylvain.Ferriol@imag.fr>
  2005-2010 Joey Hess <joeyh@debian.org>
