- - Zlib
- zlib
- |
  1995-2013 Jean-loup Gailly and Mark Adler
  1998 by Andreas R. Kleinert
  1998-2010 Gilles Vollant
  2007-2008 Even Rouault
  2009-2010 Mathias Svensson
