-
-
- lgpl-2.0
- |
  Copyright (c) 1999, 2001 by Andries Brouwer
  Copyright (c) 1999, 2000, 2003 by Theodore Ts'o
