-
- bsd-new
- Copyright (c) 1999, 2000, 2003, 2004 by Theodore Ts'o
