- - Tcl
  - Public-domain
  - Tcl
  - Public-domain
- tcl AND pngsuite
- |
  1997-2004 Jan Nijtmans
  1999, 2011 Willem van Schaik
