{
  "license_detections": [
    {
      "identifier": "wtfpl_2_0_and_mit-e5642b07-705c-9730-80ab-f5ed0565be28",
      "license_expression": "wtfpl-2.0 AND mit",
      "count": 1,
      "detection_log": [
        "unknown-intro-followed-by-match"
      ],
      "matches": [
        {
          "score": 100.0,
          "start_line": 43,
          "end_line": 43,
          "matched_length": 3,
          "match_coverage": 100.0,
          "matcher": "2-aho",
          "license_expression": "unknown-license-reference",
          "rule_identifier": "lead-in_unknown_30.RULE",
          "rule_url": "https://github.com/nexB/scancode-toolkit/tree/develop/src/licensedcode/data/rules/lead-in_unknown_30.RULE"
        },
        {
          "score": 50.0,
          "start_line": 43,
          "end_line": 43,
          "matched_length": 1,
          "match_coverage": 100.0,
          "matcher": "2-aho",
          "license_expression": "wtfpl-2.0",
          "rule_identifier": "spdx_license_id_wtfpl_for_wtfpl-2.0.RULE",
          "rule_url": "https://github.com/nexB/scancode-toolkit/tree/develop/src/licensedcode/data/rules/spdx_license_id_wtfpl_for_wtfpl-2.0.RULE"
        },
        {
          "score": 100.0,
          "start_line": 43,
          "end_line": 43,
          "matched_length": 3,
          "match_coverage": 100.0,
          "matcher": "2-aho",
          "license_expression": "wtfpl-2.0",
          "rule_identifier": "wtfpl-2.0_27.RULE",
          "rule_url": "https://github.com/nexB/scancode-toolkit/tree/develop/src/licensedcode/data/rules/wtfpl-2.0_27.RULE"
        },
        {
          "score": 100.0,
          "start_line": 43,
          "end_line": 43,
          "matched_length": 6,
          "match_coverage": 100.0,
          "matcher": "2-aho",
          "license_expression": "mit",
          "rule_identifier": "mit_64.RULE",
          "rule_url": "https://github.com/nexB/scancode-toolkit/tree/develop/src/licensedcode/data/rules/mit_64.RULE"
        }
      ]
    }
  ],
  "license_references": [
    {
      "key": "mit",
      "language": "en",
      "short_name": "MIT License",
      "name": "MIT License",
      "category": "Permissive",
      "owner": "MIT",
      "homepage_url": "http://opensource.org/licenses/mit-license.php",
      "notes": "Per SPDX.org, this license is OSI certified.",
      "is_builtin": true,
      "is_exception": false,
      "is_unknown": false,
      "is_generic": false,
      "spdx_license_key": "MIT",
      "other_spdx_license_keys": [],
      "osi_license_key": null,
      "text_urls": [
        "http://opensource.org/licenses/mit-license.php"
      ],
      "osi_url": "http://www.opensource.org/licenses/MIT",
      "faq_url": "https://ieeexplore.ieee.org/document/9263265",
      "other_urls": [
        "https://opensource.com/article/18/3/patent-grant-mit-license",
        "https://opensource.com/article/19/4/history-mit-license",
        "https://opensource.org/licenses/MIT"
      ],
      "key_aliases": [],
      "minimum_coverage": 0,
      "standard_notice": null,
      "ignorable_copyrights": [],
      "ignorable_holders": [],
      "ignorable_authors": [],
      "ignorable_urls": [],
      "ignorable_emails": [],
      "text": "Permission is hereby granted, free of charge, to any person obtaining\na copy of this software and associated documentation files (the\n\"Software\"), to deal in the Software without restriction, including\nwithout limitation the rights to use, copy, modify, merge, publish,\ndistribute, sublicense, and/or sell copies of the Software, and to\npermit persons to whom the Software is furnished to do so, subject to\nthe following conditions:\n\nThe above copyright notice and this permission notice shall be\nincluded in all copies or substantial portions of the Software.\n\nTHE SOFTWARE IS PROVIDED \"AS IS\", WITHOUT WARRANTY OF ANY KIND,\nEXPRESS OR IMPLIED, INCLUDING BUT NOT LIMITED TO THE WARRANTIES OF\nMERCHANTABILITY, FITNESS FOR A PARTICULAR PURPOSE AND NONINFRINGEMENT.\nIN NO EVENT SHALL THE AUTHORS OR COPYRIGHT HOLDERS BE LIABLE FOR ANY\nCLAIM, DAMAGES OR OTHER LIABILITY, WHETHER IN AN ACTION OF CONTRACT,\nTORT OR OTHERWISE, ARISING FROM, OUT OF OR IN CONNECTION WITH THE\nSOFTWARE OR THE USE OR OTHER DEALINGS IN THE SOFTWARE.",
      "scancode_url": "https://github.com/nexB/scancode-toolkit/tree/develop/src/licensedcode/data/licenses/mit.LICENSE",
      "licensedb_url": "https://scancode-licensedb.aboutcode.org/mit",
      "spdx_url": "https://spdx.org/licenses/MIT"
    },
    {
      "key": "unknown-license-reference",
      "language": "en",
      "short_name": "Unknown License reference",
      "name": "Unknown License file reference",
      "category": "Unstated License",
      "owner": "Unspecified",
      "homepage_url": null,
      "notes": "This applies to the case of a file with no clear license, which may be referenced via URL or text such as \"See license in...\" or \"This file is licensed under...\", but where the reference cannot be resolved to a specific named, public license.",
      "is_builtin": true,
      "is_exception": false,
      "is_unknown": true,
      "is_generic": false,
      "spdx_license_key": "LicenseRef-scancode-unknown-license-reference",
      "other_spdx_license_keys": [],
      "osi_license_key": null,
      "text_urls": [],
      "osi_url": null,
      "faq_url": null,
      "other_urls": [],
      "key_aliases": [],
      "minimum_coverage": 0,
      "standard_notice": null,
      "ignorable_copyrights": [],
      "ignorable_holders": [],
      "ignorable_authors": [],
      "ignorable_urls": [],
      "ignorable_emails": [],
      "text": "",
      "scancode_url": "https://github.com/nexB/scancode-toolkit/tree/develop/src/licensedcode/data/licenses/unknown-license-reference.LICENSE",
      "licensedb_url": "https://scancode-licensedb.aboutcode.org/unknown-license-reference",
      "spdx_url": "https://github.com/nexB/scancode-toolkit/tree/develop/src/licensedcode/data/licenses/unknown-license-reference.LICENSE"
    },
    {
      "key": "wtfpl-2.0",
      "language": "en",
      "short_name": "WTFPL 2.0",
      "name": "WTFPL 2.0",
      "category": "Public Domain",
      "owner": "Sam Hocevar",
      "homepage_url": "http://sam.zoy.org/wtfpl/",
      "notes": null,
      "is_builtin": true,
      "is_exception": false,
      "is_unknown": false,
      "is_generic": false,
      "spdx_license_key": "WTFPL",
      "other_spdx_license_keys": [],
      "osi_license_key": null,
      "text_urls": [
        "http://sam.zoy.org/wtfpl/COPYING"
      ],
      "osi_url": null,
      "faq_url": null,
      "other_urls": [
        "http://fedoraproject.org/wiki/Licensing/WTFPL",
        "http://www.wtfpl.net/about/"
      ],
      "key_aliases": [],
      "minimum_coverage": 0,
      "standard_notice": null,
      "ignorable_copyrights": [
        "Copyright (c) 2004 Sam Hocevar"
      ],
      "ignorable_holders": [
        "Sam Hocevar"
      ],
      "ignorable_authors": [],
      "ignorable_urls": [],
      "ignorable_emails": [],
      "text": "DO WHAT THE FUCK YOU WANT TO PUBLIC LICENSE\n                    Version 2, December 2004\n\n Copyright (C) 2004 Sam Hocevar\n  14 rue de Plaisance, 75014 Paris, France\n Everyone is permitted to copy and distribute verbatim or modified\n copies of this license document, and changing it is allowed as long\n as the name is changed.\n\n            DO WHAT THE FUCK YOU WANT TO PUBLIC LICENSE\n   TERMS AND CONDITIONS FOR COPYING, DISTRIBUTION AND MODIFICATION\n\n  0. You just DO WHAT THE FUCK YOU WANT TO.",
      "scancode_url": "https://github.com/nexB/scancode-toolkit/tree/develop/src/licensedcode/data/licenses/wtfpl-2.0.LICENSE",
      "licensedb_url": "https://scancode-licensedb.aboutcode.org/wtfpl-2.0",
      "spdx_url": "https://spdx.org/licenses/WTFPL"
    }
  ],
  "license_rule_references": [
    {
      "license_expression": "unknown-license-reference",
      "identifier": "lead-in_unknown_30.RULE",
      "language": "en",
      "rule_url": "https://github.com/nexB/scancode-toolkit/tree/develop/src/licensedcode/data/rules/lead-in_unknown_30.RULE",
      "is_license_text": false,
      "is_license_notice": false,
      "is_license_reference": false,
      "is_license_tag": false,
      "is_license_intro": true,
      "is_continuous": false,
      "is_builtin": true,
      "is_from_license": false,
      "is_synthetic": false,
      "length": 3,
      "relevance": 100,
      "minimum_coverage": 80,
      "referenced_filenames": [],
      "notes": null,
      "ignorable_copyrights": [],
      "ignorable_holders": [],
      "ignorable_authors": [],
      "ignorable_urls": [],
      "ignorable_emails": [],
      "text": "Dual licensed under"
    },
    {
      "license_expression": "mit",
      "identifier": "mit_64.RULE",
      "language": "en",
      "rule_url": "https://github.com/nexB/scancode-toolkit/tree/develop/src/licensedcode/data/rules/mit_64.RULE",
      "is_license_text": false,
      "is_license_notice": false,
      "is_license_reference": true,
      "is_license_tag": false,
      "is_license_intro": false,
      "is_continuous": false,
      "is_builtin": true,
      "is_from_license": false,
      "is_synthetic": false,
      "length": 6,
      "relevance": 100,
      "minimum_coverage": 80,
      "referenced_filenames": [],
      "notes": null,
      "ignorable_copyrights": [],
      "ignorable_holders": [],
      "ignorable_authors": [],
      "ignorable_urls": [
        "https://opensource.org/licenses/MIT"
      ],
      "ignorable_emails": [],
      "text": "[MIT](https://opensource.org/licenses/MIT)"
    },
    {
      "license_expression": "wtfpl-2.0",
      "identifier": "spdx_license_id_wtfpl_for_wtfpl-2.0.RULE",
      "language": "en",
      "rule_url": "https://github.com/nexB/scancode-toolkit/tree/develop/src/licensedcode/data/rules/spdx_license_id_wtfpl_for_wtfpl-2.0.RULE",
      "is_license_text": false,
      "is_license_notice": false,
      "is_license_reference": true,
      "is_license_tag": false,
      "is_license_intro": false,
      "is_continuous": true,
      "is_builtin": true,
      "is_from_license": false,
      "is_synthetic": false,
      "length": 1,
      "relevance": 50,
      "minimum_coverage": 100,
      "referenced_filenames": [],
      "notes": "Used to detect a bare SPDX license id",
      "ignorable_copyrights": [],
      "ignorable_holders": [],
      "ignorable_authors": [],
      "ignorable_urls": [],
      "ignorable_emails": [],
      "text": "wtfpl"
    },
    {
      "license_expression": "wtfpl-2.0",
      "identifier": "wtfpl-2.0_27.RULE",
      "language": "en",
      "rule_url": "https://github.com/nexB/scancode-toolkit/tree/develop/src/licensedcode/data/rules/wtfpl-2.0_27.RULE",
      "is_license_text": false,
      "is_license_notice": false,
      "is_license_reference": true,
      "is_license_tag": false,
      "is_license_intro": false,
      "is_continuous": false,
      "is_builtin": true,
      "is_from_license": false,
      "is_synthetic": false,
      "length": 3,
      "relevance": 100,
      "minimum_coverage": 80,
      "referenced_filenames": [],
      "notes": null,
      "ignorable_copyrights": [],
      "ignorable_holders": [],
      "ignorable_authors": [],
      "ignorable_urls": [
        "http://www.wtfpl.net/"
      ],
      "ignorable_emails": [],
      "text": "www.wtfpl.net"
    }
  ],
  "files": [
    {
      "path": "README.md",
      "type": "file",
      "detected_license_expression": "wtfpl-2.0 AND mit",
      "detected_license_expression_spdx": "WTFPL AND MIT",
      "license_detections": [
        {
          "license_expression": "wtfpl-2.0 AND mit",
          "detection_log": [
            "unknown-intro-followed-by-match"
          ],
          "matches": [
            {
              "score": 100.0,
              "start_line": 43,
              "end_line": 43,
              "matched_length": 3,
              "match_coverage": 100.0,
              "matcher": "2-aho",
              "license_expression": "unknown-license-reference",
              "rule_identifier": "lead-in_unknown_30.RULE",
              "rule_url": "https://github.com/nexB/scancode-toolkit/tree/develop/src/licensedcode/data/rules/lead-in_unknown_30.RULE",
              "matched_text": "dual-licensed under [`"
            },
            {
              "score": 50.0,
              "start_line": 43,
              "end_line": 43,
              "matched_length": 1,
              "match_coverage": 100.0,
              "matcher": "2-aho",
              "license_expression": "wtfpl-2.0",
              "rule_identifier": "spdx_license_id_wtfpl_for_wtfpl-2.0.RULE",
              "rule_url": "https://github.com/nexB/scancode-toolkit/tree/develop/src/licensedcode/data/rules/spdx_license_id_wtfpl_for_wtfpl-2.0.RULE",
              "matched_text": "WTFPL`]("
            },
            {
              "score": 100.0,
              "start_line": 43,
              "end_line": 43,
              "matched_length": 3,
              "match_coverage": 100.0,
              "matcher": "2-aho",
              "license_expression": "wtfpl-2.0",
              "rule_identifier": "wtfpl-2.0_27.RULE",
              "rule_url": "https://github.com/nexB/scancode-toolkit/tree/develop/src/licensedcode/data/rules/wtfpl-2.0_27.RULE",
              "matched_text": "www.wtfpl.net/"
            },
            {
              "score": 100.0,
              "start_line": 43,
              "end_line": 43,
              "matched_length": 6,
              "match_coverage": 100.0,
              "matcher": "2-aho",
              "license_expression": "mit",
              "rule_identifier": "mit_64.RULE",
              "rule_url": "https://github.com/nexB/scancode-toolkit/tree/develop/src/licensedcode/data/rules/mit_64.RULE",
              "matched_text": "MIT`](https://opensource.org/licenses/MIT)."
            }
          ]
        }
      ],
      "license_clues": [],
      "percentage_of_license_text": 8.18,
      "for_license_detections": [
        "wtfpl_2_0_and_mit-e5642b07-705c-9730-80ab-f5ed0565be28"
      ],
      "scan_errors": []
    }
  ]
}