[
  {
    "type": "npm",
    "namespace": null,
    "name": "casesensitivepathswebpackpluginDemo",
    "version": "0.0.1",
    "qualifiers": {},
    "subpath": null,
    "primary_language": "JavaScript",
    "description": "just a simple demo for showing config and how to E2E test",
    "release_date": null,
    "parties": [
      {
        "type": "person",
        "role": "author",
        "name": "Urthen & XML",
        "email": null,
        "url": null
      }
    ],
    "keywords": [],
    "homepage_url": null,
    "download_url": "https://registry.npmjs.org/casesensitivepathswebpackpluginDemo/-/casesensitivepathswebpackpluginDemo-0.0.1.tgz",
    "size": null,
    "sha1": null,
    "md5": null,
    "sha256": null,
    "sha512": null,
    "bug_tracking_url": null,
    "code_view_url": null,
    "vcs_url": null,
    "copyright": null,
    "declared_license_expression": "mit",
    "declared_license_expression_spdx": "MIT",
    "license_detections": [
      {
        "license_expression": "mit",
        "detection_log": [
          "not-combined"
        ],
        "matches": [
          {
            "score": 100.0,
            "start_line": 1,
            "end_line": 1,
            "matched_length": 1,
            "match_coverage": 100.0,
            "matcher": "1-spdx-id",
            "license_expression": "mit",
            "rule_identifier": "spdx-license-identifier: mit",
            "rule_url": null,
            "referenced_filenames": [],
            "is_license_text": false,
            "is_license_notice": false,
            "is_license_reference": false,
            "is_license_tag": true,
            "is_license_intro": false,
            "rule_length": 1,
            "rule_relevance": 100,
            "matched_text": "MIT",
            "licenses": [
              {
                "key": "mit",
                "name": "MIT License",
                "short_name": "MIT License",
                "category": "Permissive",
                "is_exception": false,
                "is_unknown": false,
                "owner": "MIT",
                "homepage_url": "http://opensource.org/licenses/mit-license.php",
                "text_url": "http://opensource.org/licenses/mit-license.php",
                "reference_url": "https://scancode-licensedb.aboutcode.org/mit",
                "scancode_url": "https://github.com/nexB/scancode-toolkit/tree/develop/src/licensedcode/data/licenses/mit.LICENSE",
                "spdx_license_key": "MIT",
                "spdx_url": "https://spdx.org/licenses/MIT"
              }
            ]
          }
        ]
      }
    ],
    "other_license_expression": null,
    "other_license_expression_spdx": null,
    "other_license_detections": [],
    "extracted_license_statement": "['MIT']",
    "notice_text": null,
    "source_packages": [],
    "file_references": [],
    "extra_data": {},
    "dependencies": [
      {
        "purl": "pkg:npm/babel-polyfill",
        "extracted_requirement": "^6.7.4",
        "scope": "dependencies",
        "is_runtime": true,
        "is_optional": false,
        "is_resolved": false,
        "resolved_package": {},
        "extra_data": {}
      },
      {
        "purl": "pkg:npm/babel-runtime",
        "extracted_requirement": "^6.6.1",
        "scope": "dependencies",
        "is_runtime": true,
        "is_optional": false,
        "is_resolved": false,
        "resolved_package": {},
        "extra_data": {}
      },
      {
        "purl": "pkg:npm/react",
        "extracted_requirement": "^15.0.0",
        "scope": "dependencies",
        "is_runtime": true,
        "is_optional": false,
        "is_resolved": false,
        "resolved_package": {},
        "extra_data": {}
      },
      {
        "purl": "pkg:npm/react-dom",
        "extracted_requirement": "^15.0.0",
        "scope": "dependencies",
        "is_runtime": true,
        "is_optional": false,
        "is_resolved": false,
        "resolved_package": {},
        "extra_data": {}
      },
      {
        "purl": "pkg:npm/babel-core",
        "extracted_requirement": "^6.0.0",
        "scope": "devDependencies",
        "is_runtime": false,
        "is_optional": true,
        "is_resolved": false,
        "resolved_package": {},
        "extra_data": {}
      },
      {
        "purl": "pkg:npm/babel-eslint",
        "extracted_requirement": "^6.0.0",
        "scope": "devDependencies",
        "is_runtime": false,
        "is_optional": true,
        "is_resolved": false,
        "resolved_package": {},
        "extra_data": {}
      },
      {
        "purl": "pkg:npm/babel-loader",
        "extracted_requirement": "^6.0.0",
        "scope": "devDependencies",
        "is_runtime": false,
        "is_optional": true,
        "is_resolved": false,
        "resolved_package": {},
        "extra_data": {}
      },
      {
        "purl": "pkg:npm/babel-plugin-transform-decorators-legacy",
        "extracted_requirement": "^1.3.4",
        "scope": "devDependencies",
        "is_runtime": false,
        "is_optional": true,
        "is_resolved": false,
        "resolved_package": {},
        "extra_data": {}
      },
      {
        "purl": "pkg:npm/babel-plugin-transform-runtime",
        "extracted_requirement": "^6.6.0",
        "scope": "devDependencies",
        "is_runtime": false,
        "is_optional": true,
        "is_resolved": false,
        "resolved_package": {},
        "extra_data": {}
      },
      {
        "purl": "pkg:npm/babel-preset-es2015",
        "extracted_requirement": "^6.0.0",
        "scope": "devDependencies",
        "is_runtime": false,
        "is_optional": true,
        "is_resolved": false,
        "resolved_package": {},
        "extra_data": {}
      },
      {
        "purl": "pkg:npm/babel-preset-react",
        "extracted_requirement": "^6.0.0",
        "scope": "devDependencies",
        "is_runtime": false,
        "is_optional": true,
        "is_resolved": false,
        "resolved_package": {},
        "extra_data": {}
      },
      {
        "purl": "pkg:npm/babel-preset-stage-0",
        "extracted_requirement": "^6.0.0",
        "scope": "devDependencies",
        "is_runtime": false,
        "is_optional": true,
        "is_resolved": false,
        "resolved_package": {},
        "extra_data": {}
      },
      {
        "purl": "pkg:npm/html-webpack-plugin",
        "extracted_requirement": "^1.6.1",
        "scope": "devDependencies",
        "is_runtime": false,
        "is_optional": true,
        "is_resolved": false,
        "resolved_package": {},
        "extra_data": {}
      },
      {
        "purl": "pkg:npm/jasmine",
        "extracted_requirement": "^2.3.2",
        "scope": "devDependencies",
        "is_runtime": false,
        "is_optional": true,
        "is_resolved": false,
        "resolved_package": {},
        "extra_data": {}
      },
      {
        "purl": "pkg:npm/jasmine-core",
        "extracted_requirement": "^2.3.4",
        "scope": "devDependencies",
        "is_runtime": false,
        "is_optional": true,
        "is_resolved": false,
        "resolved_package": {},
        "extra_data": {}
      },
      {
        "purl": "pkg:npm/karma",
        "extracted_requirement": "^0.13.9",
        "scope": "devDependencies",
        "is_runtime": false,
        "is_optional": true,
        "is_resolved": false,
        "resolved_package": {},
        "extra_data": {}
      },
      {
        "purl": "pkg:npm/karma-chrome-launcher",
        "extracted_requirement": "^0.2.0",
        "scope": "devDependencies",
        "is_runtime": false,
        "is_optional": true,
        "is_resolved": false,
        "resolved_package": {},
        "extra_data": {}
      },
      {
        "purl": "pkg:npm/karma-cli",
        "extracted_requirement": "^0.1.0",
        "scope": "devDependencies",
        "is_runtime": false,
        "is_optional": true,
        "is_resolved": false,
        "resolved_package": {},
        "extra_data": {}
      },
      {
        "purl": "pkg:npm/karma-coverage",
        "extracted_requirement": "^0.5.2",
        "scope": "devDependencies",
        "is_runtime": false,
        "is_optional": true,
        "is_resolved": false,
        "resolved_package": {},
        "extra_data": {}
      },
      {
        "purl": "pkg:npm/karma-jasmine",
        "extracted_requirement": "^0.3.6",
        "scope": "devDependencies",
        "is_runtime": false,
        "is_optional": true,
        "is_resolved": false,
        "resolved_package": {},
        "extra_data": {}
      },
      {
        "purl": "pkg:npm/karma-phantomjs-launcher",
        "extracted_requirement": "^0.2.1",
        "scope": "devDependencies",
        "is_runtime": false,
        "is_optional": true,
        "is_resolved": false,
        "resolved_package": {},
        "extra_data": {}
      },
      {
        "purl": "pkg:npm/karma-sourcemap-loader",
        "extracted_requirement": "^0.3.5",
        "scope": "devDependencies",
        "is_runtime": false,
        "is_optional": true,
        "is_resolved": false,
        "resolved_package": {},
        "extra_data": {}
      },
      {
        "purl": "pkg:npm/karma-webpack",
        "extracted_requirement": "^1.7.0",
        "scope": "devDependencies",
        "is_runtime": false,
        "is_optional": true,
        "is_resolved": false,
        "resolved_package": {},
        "extra_data": {}
      },
      {
        "purl": "pkg:npm/phantomjs",
        "extracted_requirement": "^1.9.19",
        "scope": "devDependencies",
        "is_runtime": false,
        "is_optional": true,
        "is_resolved": false,
        "resolved_package": {},
        "extra_data": {}
      },
      {
        "purl": "pkg:npm/phantomjs-polyfill",
        "extracted_requirement": "0.0.2",
        "scope": "devDependencies",
        "is_runtime": false,
        "is_optional": true,
        "is_resolved": false,
        "resolved_package": {},
        "extra_data": {}
      },
      {
        "purl": "pkg:npm/react-addons-test-utils",
        "extracted_requirement": "^0.14.8",
        "scope": "devDependencies",
        "is_runtime": false,
        "is_optional": true,
        "is_resolved": false,
        "resolved_package": {},
        "extra_data": {}
      },
      {
        "purl": "pkg:npm/react-hot-loader",
        "extracted_requirement": "^1.3.0",
        "scope": "devDependencies",
        "is_runtime": false,
        "is_optional": true,
        "is_resolved": false,
        "resolved_package": {},
        "extra_data": {}
      },
      {
        "purl": "pkg:npm/webpack",
        "extracted_requirement": "~1.12.0",
        "scope": "devDependencies",
        "is_runtime": false,
        "is_optional": true,
        "is_resolved": false,
        "resolved_package": {},
        "extra_data": {}
      },
      {
        "purl": "pkg:npm/webpack-dev-server",
        "extracted_requirement": "~1.14.1",
        "scope": "devDependencies",
        "is_runtime": false,
        "is_optional": true,
        "is_resolved": false,
        "resolved_package": {},
        "extra_data": {}
      }
    ],
    "repository_homepage_url": "https://www.npmjs.com/package/casesensitivepathswebpackpluginDemo",
    "repository_download_url": "https://registry.npmjs.org/casesensitivepathswebpackpluginDemo/-/casesensitivepathswebpackpluginDemo-0.0.1.tgz",
    "api_data_url": "https://registry.npmjs.org/casesensitivepathswebpackpluginDemo/0.0.1",
    "datasource_id": "npm_package_json",
    "purl": "pkg:npm/casesensitivepathswebpackpluginDemo@0.0.1"
  }
]