[
  {
    "type": "nuget",
    "namespace": null,
    "name": "Microsoft.AspNet.Mvc",
    "version": "6.0.0-beta7",
    "qualifiers": {},
    "subpath": null,
    "primary_language": null,
    "description": "ASP.NET MVC is a web framework that gives you a powerful, patterns-based way to build dynamic websites and Web APIs. ASP.NET MVC enables a clean separation of concerns and gives you full control over markup.",
    "release_date": null,
    "parties": [
      {
        "type": null,
        "role": "author",
        "name": "Microsoft",
        "email": null,
        "url": null
      },
      {
        "type": null,
        "role": "owner",
        "name": "Microsoft",
        "email": null,
        "url": null
      }
    ],
    "keywords": [],
    "homepage_url": "http://www.asp.net/",
    "download_url": null,
    "size": null,
    "sha1": null,
    "md5": null,
    "sha256": null,
    "sha512": null,
    "bug_tracking_url": null,
    "code_view_url": null,
    "vcs_url": null,
    "copyright": "Copyright \u00a9 Microsoft Corporation",
    "declared_license_expression": "ms-net-library",
    "declared_license_expression_spdx": "LicenseRef-scancode-ms-net-library",
    "license_detections": [
      {
        "license_expression": "ms-net-library",
        "detection_log": [
          "not-combined"
        ],
        "matches": [
          {
            "score": 100.0,
            "start_line": 1,
            "end_line": 1,
            "matched_length": 12,
            "match_coverage": 100.0,
            "matcher": "1-hash",
            "license_expression": "ms-net-library",
            "rule_identifier": "ms-net-library_1.RULE",
            "rule_url": "https://github.com/nexB/scancode-toolkit/tree/develop/src/licensedcode/data/rules/ms-net-library_1.RULE",
            "referenced_filenames": [],
            "is_license_text": false,
            "is_license_notice": false,
            "is_license_reference": true,
            "is_license_tag": false,
            "is_license_intro": false,
            "rule_length": 12,
            "rule_relevance": 100,
            "matched_text": "http://www.microsoft.com/web/webpi/eula/net_library_eula_enu.htm",
            "licenses": [
              {
                "key": "ms-net-library",
                "name": "Microsoft .NET Library License",
                "short_name": "MS .NET Library License",
                "category": "Proprietary Free",
                "is_exception": false,
                "is_unknown": false,
                "owner": "Microsoft",
                "homepage_url": "http://www.microsoft.com/web/webpi/eula/net_library_eula_enu.htm",
                "text_url": "",
                "reference_url": "https://scancode-licensedb.aboutcode.org/ms-net-library",
                "scancode_url": "https://github.com/nexB/scancode-toolkit/tree/develop/src/licensedcode/data/licenses/ms-net-library.LICENSE",
                "spdx_license_key": "LicenseRef-scancode-ms-net-library",
                "spdx_url": "https://github.com/nexB/scancode-toolkit/tree/develop/src/licensedcode/data/licenses/ms-net-library.LICENSE"
              }
            ]
          }
        ]
      }
    ],
    "other_license_expression": null,
    "other_license_expression_spdx": null,
    "other_license_detections": [],
    "extracted_license_statement": "http://www.microsoft.com/web/webpi/eula/net_library_eula_enu.htm",
    "notice_text": null,
    "source_packages": [],
    "file_references": [],
    "extra_data": {},
    "dependencies": [],
    "repository_homepage_url": "https://www.nuget.org/packages/Microsoft.AspNet.Mvc/6.0.0-beta7",
    "repository_download_url": "https://www.nuget.org/api/v2/package/Microsoft.AspNet.Mvc/6.0.0-beta7",
    "api_data_url": "https://api.nuget.org/v3/registration3/microsoft.aspnet.mvc/6.0.0-beta7.json",
    "datasource_id": "nuget_nupsec",
    "purl": "pkg:nuget/Microsoft.AspNet.Mvc@6.0.0-beta7"
  }
]