-
-
- info-zip-2009-01
- Copyright (c) 1990-2009 Info-ZIP.
