-
- (gpl-2.0-plus AND gpl-3.0-plus) AND gpl-3.0 AND gpl-1.0-plus AND gpl-3.0-plus AND gcc-exception-3.1
  AND unknown-license-reference AND bsd-new AND uoi-ncsa AND mit AND (mit OR commercial-license)
  AND gfdl-1.2 AND gpl-2.0 AND lgpl-2.0-plus AND lgpl-2.1-plus AND public-domain AND sunpro
  AND gpl-2.0-plus AND artistic-1.0 AND (artistic-perl-1.0 OR gpl-1.0-plus) AND zlib AND d-zlib
  AND gpl-3.0-plus WITH gcc-exception-3.1 AND gfdl-1.3-plus AND lgpl-2.1 AND lgpl-3.0-plus AND
  lgpl-3.0 AND other-permissive AND bsla-no-advert AND bsla AND bsd-original-uc AND flex-2.5
  AND (gpl-3.0 AND gpl-2.0 AND lgpl-3.0-plus WITH cygwin-exception-lgpl-3.0-plus AND other-copyleft
  AND other-permissive) AND x11-lucent AND amd-historical AND osf-1990 AND nilsson-historical
  AND newlib-historical AND bsd-simplified AND x11-hanson AND intel-osl-1993 AND hs-regexp
- |
  Copyright (c) 1986, 1987, 1988, 1989, 1990, 1991, 1992, 1993, 1994, 1995, 1996, 1997, 1998, 1999, 2000, 2001, 2002, 2003, 2004, 2005, 2006, 2007, 2008, 2009, 2010, 2011, 2012, 2013, 2014, 2015, 2016, 2017, 2018, 2019
  Copyright (c) 2009-2014 by the LLVM contributors
  Copyright (c) 1996-2003 Red Hat, Inc.
  Copyright (c) 2009 Free Software Foundation, Inc. <http://fsf.org/>
  Copyright (c) 2010 Free Software Foundation, Inc.
  Copyright 2001 by Stephen L. Moshier <moshier@na-net.ornl.gov>
  Copyright (c) 2001 Stephen L. Moshier <moshier@na-net.ornl.gov>
  Copyright (c) 1997, 1999 Free Software Foundation, Inc.
  Copyright (c) 1997, 1999, 2002, 2004 Free Software Foundation, Inc.
  Copyright 1984, 1991 by Stephen L. Moshier Adapted
  Copyright (c) 1993 by Sun Microsystems, Inc.
  Copyright (c) 2009 The Go Authors
  Copyright (c) 2004-2007 David Friedman
  Vincenzo Ampolo, Michael Parrot, Iain Buclaw, (c) 2009, 2010
  Copyright (c) 1999-2010 by Digital Mars
  (c) 1995-2004 Jean-loup Gailly and Mark Adler
  Copyright (c) 2004-2005 by Digital Mars, www.digitalmars.com
  Copyright (c) 2015-2017 Free Software Foundation, Inc.
  Copyright (c) 2008-2017 Free Software Foundation, Inc.
  Copyright (c) 2007-2019 Free Software Foundation, Inc.
  Copyright (c) 2000, 2001, 2002, 2003, 2004, 2005, 2006, 2007, 2008, 2009, 2010, 2011, 2012, 2012, 2013 Free Software Foundation, Inc.
  Copyright (c) 2002, 2003, 2004, 2005, 2006, 2007, 2008, 2009, 2010 Free Software Foundation, Inc.
  Copyright (c) 2004, 2005, 2006, 2007, 2008, 2009, 2010 Free Software Foundation, Inc.
  Copyright (c) 1984, 1985, 1986, 1987, 1988, 1989, 1990, 1991, 1992, 1993, 1994, 1995, 1996, 1997, 1998, 1999, 2000, 2001, 2002, 2003, 2004, 2005 by University of Ulm
  Copyright (c) 2005, 2006, 2007, 2008, 2009, 2010 Free Software Foundation, Inc.
  Copyright (c) 2001, 2002, 2003, 2004, 2005, 2006, 2007, 2008, 2009, 2010 Free Software Foundation, Inc.
  Copyright (c) 2001-2019 Free Software Foundation, Inc.
  Copyright (c) 2001, 2002, 2003, 2004, 2005, 2006, 2007, 2008, 2009, 2010 Free Software Foundation, Inc.
  Copyright (c) 2008, 2009, 2010 Free Software Foundation, Inc.
  Copyright (c) 2012 Free Software Foundation, Inc.
  Copyright (c) 2009, 2010 Free Software Foundation, Inc.
  Copyright (c) 2001-2019 Free Software Foundation, Inc.
  Copyright (c) 2001-2019 Free Software Foundation, Inc.
  Copyright (c) 2001-2019 Free Software Foundation, Inc.
  Copyright (c) 2005-2015 Free Software Foundation, Inc. Mix
  Copyright (c) 2001-2018 Free Software Foundation, Inc.
  Copyright (c) 2001-2019 Free Software Foundation, Inc. Mix
  Copyright (c) 2008, 2009, 2010 Free Software Foundation, Inc.
  Copyright (c) 2005-2014 Free Software Foundation, Inc. Mix
  Copyright (c) 2005-2018 Free Software Foundation, Inc. Mix
  Copyright (c) 1999-2006 Ralf S. Engelschall <rse@gnu.org>
  Copyright (c) 2001, 2002, 2003, 2004, 2005, 2006, 2007, 2008, 2009, 2010 Free Software Foundation, Inc.
  Copyright (c) 2005-2019 Free Software Foundation, Inc.
  Copyright (c) 2010, 2011, 2012, 2013 Free Software Foundation, Inc.
  Copyright (c) 2000, 2001, 2002, 2003, 2004, 2005, 2006, 2007, 2008, 2009, 2010 Free Software Foundation, Inc.
  Copyright (c) 1990 The Regents of the University of California
  Copyright (c) 1990 The Regents of the University of California
  Copyright (c) 1981, 1983, 1986, 1988, 1989, 1991, 1992, 1993, 1994 The Regents of the University of California
  Copyright (c) 1988, 1990, 1993 Regents of the University of California
  Copyright (c) 1982, 1986, 1989, 1991, 1993, 1994 The Regents of the University of California
  (c) UNIX System Laboratories, Inc.
  Copyright (c) 1987, 1988, 2000 Regents of the University of California
  Copyright 2001 Red Hat, Inc.
  Copyright (c) 1991 by AT&T.
  Copyright 1989, 1990 Advanced Micro Devices, Inc.
  Copyright (c) 1993 C.W. Sandmann
  (c) Copyright 1992 Eric Backus
  Copyright (c) 1993 by Sun Microsystems, Inc.
  (c) Copyright 1986 HEWLETT-PACKARD COMPANY
  Copyright (c) 2001 Hans-Peter Nilsson
  Copyright (c) 1999, 2000, 2001, 2002 Stephane Carrez (stcarrez@nerim.fr)
  Copyright (c) 2001 Christopher G. Demetriou
  Copyright 2002 SuperH, Inc.
  Copyright (c) 1999 Kungliga Tekniska Hgskolan (Royal Institute of Technology, Stockholm, Sweden)
  Copyright (c) 2000, 2001 Alexey Zelkin <phantom@FreeBSD.org>
  Copyright (c) 1997 by Andrey A. Chernov, Moscow, Russia
  Copyright (c) 1997-2002 FreeBSD Project
  Copyright (c) 1984,2000 S.L. Moshier
  Copyright (c) 1999 Citrus Project
  Copyright (c) 1998 Todd C. Miller <Todd.Miller@courtesan.com>
  Copyright (c) 1991 DJ Delorie
  Copyright (c) 1990-1999, 2000, 2001 Free Software Foundation, Inc.
  Copyright (c) 1996 Xavier Leroy (Xavier.Leroy@inria.fr)
  Copyright (c) 1993 Intel Corporation
  (c) Copyright 1986 HEWLETT-PACKARD COMPANY
  Copyright 1992, 1993, 1994 Henry Spencer
  Copyright (c) 2001 Mike Barcroft <mike@FreeBSD.org>
  Copyright (c) 1999, 2000 Konstantin Chuguev
  Copyright (c) 2003, Artem B. Bityuckiy, SoftMine Corporation
  Copyright (c) 1994, 1997, 2001, 2002, 2003, 2004 Red Hat Incorporated
