{
  "files": [
    {
      "path": "additional_license_combined_test.txt",
      "type": "file",
      "detected_license_expression": "example-installed-1 AND example-installed-2 AND example1 AND example2 AND apache-2.0",
      "detected_license_expression_spdx": "scancode-example-installed1 AND LicenseRef-scancode-example-installed2 AND scancode-example1 AND scancode-example2 AND Apache-2.0",
      "license_detections": [
        {
          "license_expression": "example-installed-1 AND example-installed-2 AND example1 AND example2 AND apache-2.0",
          "detection_log": [
            "not-combined"
          ],
          "matches": [
            {
              "score": 100.0,
              "start_line": 1,
              "end_line": 1,
              "matched_length": 11,
              "match_coverage": 100.0,
              "matcher": "2-aho",
              "license_expression": "example-installed-1",
              "rule_identifier": "example-installed-1.LICENSE",
              "rule_url": "https://github.com/nexB/scancode-toolkit/tree/develop/src/licensedcode/data/licenses/example-installed-1.LICENSE",
              "referenced_filenames": [],
              "is_license_text": true,
              "is_license_notice": false,
              "is_license_reference": false,
              "is_license_tag": false,
              "is_license_intro": false,
              "rule_length": 11,
              "rule_relevance": 100,
              "licenses": [
                {
                  "key": "example-installed-1",
                  "name": "Example Installed License 1",
                  "short_name": "Example Installed License 1",
                  "category": "Permissive",
                  "is_exception": false,
                  "is_unknown": false,
                  "owner": "NexB",
                  "homepage_url": null,
                  "text_url": "",
                  "reference_url": "https://scancode-licensedb.aboutcode.org/example-installed-1",
                  "scancode_url": "https://github.com/nexB/scancode-toolkit/tree/develop/src/licensedcode/data/licenses/example-installed-1.LICENSE",
                  "spdx_license_key": "scancode-example-installed1",
                  "spdx_url": "https://spdx.org/licenses/scancode-example-installed1"
                }
              ],
              "is_builtin": false
            },
            {
              "score": 100.0,
              "start_line": 3,
              "end_line": 3,
              "matched_length": 12,
              "match_coverage": 100.0,
              "matcher": "2-aho",
              "license_expression": "example-installed-2",
              "rule_identifier": "example-installed-2.LICENSE",
              "rule_url": "https://github.com/nexB/scancode-toolkit/tree/develop/src/licensedcode/data/licenses/example-installed-2.LICENSE",
              "referenced_filenames": [],
              "is_license_text": true,
              "is_license_notice": false,
              "is_license_reference": false,
              "is_license_tag": false,
              "is_license_intro": false,
              "rule_length": 12,
              "rule_relevance": 100,
              "licenses": [
                {
                  "key": "example-installed-2",
                  "name": "Example Installed License 2",
                  "short_name": "Example Installed License 2",
                  "category": "Permissive",
                  "is_exception": false,
                  "is_unknown": false,
                  "owner": "NexB",
                  "homepage_url": null,
                  "text_url": "",
                  "reference_url": "https://scancode-licensedb.aboutcode.org/example-installed-2",
                  "scancode_url": "https://github.com/nexB/scancode-toolkit/tree/develop/src/licensedcode/data/licenses/example-installed-2.LICENSE",
                  "spdx_license_key": "LicenseRef-scancode-example-installed2",
                  "spdx_url": "https://github.com/nexB/scancode-toolkit/tree/develop/src/licensedcode/data/licenses/example-installed-2.LICENSE"
                }
              ],
              "is_builtin": false
            },
            {
              "score": 100.0,
              "start_line": 5,
              "end_line": 5,
              "matched_length": 9,
              "match_coverage": 100.0,
              "matcher": "2-aho",
              "license_expression": "example1",
              "rule_identifier": "example1.LICENSE",
              "rule_url": "https://github.com/nexB/scancode-toolkit/tree/develop/src/licensedcode/data/licenses/example1.LICENSE",
              "referenced_filenames": [],
              "is_license_text": true,
              "is_license_notice": false,
              "is_license_reference": false,
              "is_license_tag": false,
              "is_license_intro": false,
              "rule_length": 9,
              "rule_relevance": 100,
              "licenses": [
                {
                  "key": "example1",
                  "name": "Example External License 1",
                  "short_name": "Example External License 1",
                  "category": "Permissive",
                  "is_exception": false,
                  "is_unknown": false,
                  "owner": "NexB",
                  "homepage_url": null,
                  "text_url": "",
                  "reference_url": "https://scancode-licensedb.aboutcode.org/example1",
                  "scancode_url": "https://github.com/nexB/scancode-toolkit/tree/develop/src/licensedcode/data/licenses/example1.LICENSE",
                  "spdx_license_key": "scancode-example1",
                  "spdx_url": "https://spdx.org/licenses/scancode-example1"
                }
              ],
              "is_builtin": false
            },
            {
              "score": 100.0,
              "start_line": 5,
              "end_line": 9,
              "matched_length": 69,
              "match_coverage": 100.0,
              "matcher": "2-aho",
              "license_expression": "example2",
              "rule_identifier": "example2.LICENSE",
              "rule_url": "https://github.com/nexB/scancode-toolkit/tree/develop/src/licensedcode/data/licenses/example2.LICENSE",
              "referenced_filenames": [],
              "is_license_text": true,
              "is_license_notice": false,
              "is_license_reference": false,
              "is_license_tag": false,
              "is_license_intro": false,
              "rule_length": 69,
              "rule_relevance": 100,
              "licenses": [
                {
                  "key": "example2",
                  "name": "Example External License 2",
                  "short_name": "Example External License 2",
                  "category": "Permissive",
                  "is_exception": false,
                  "is_unknown": false,
                  "owner": "NexB",
                  "homepage_url": null,
                  "text_url": "",
                  "reference_url": "https://scancode-licensedb.aboutcode.org/example2",
                  "scancode_url": "https://github.com/nexB/scancode-toolkit/tree/develop/src/licensedcode/data/licenses/example2.LICENSE",
                  "spdx_license_key": "scancode-example2",
                  "spdx_url": "https://spdx.org/licenses/scancode-example2"
                }
              ],
              "is_builtin": false
            },
            {
              "score": 100.0,
              "start_line": 12,
              "end_line": 12,
              "matched_length": 4,
              "match_coverage": 100.0,
              "matcher": "2-aho",
              "license_expression": "apache-2.0",
              "rule_identifier": "apache-2.0_65.RULE",
              "rule_url": "https://github.com/nexB/scancode-toolkit/tree/develop/src/licensedcode/data/rules/apache-2.0_65.RULE",
              "referenced_filenames": [],
              "is_license_text": false,
              "is_license_notice": false,
              "is_license_reference": false,
              "is_license_tag": true,
              "is_license_intro": false,
              "rule_length": 4,
              "rule_relevance": 100,
              "licenses": [
                {
                  "key": "apache-2.0",
                  "name": "Apache License 2.0",
                  "short_name": "Apache 2.0",
                  "category": "Permissive",
                  "is_exception": false,
                  "is_unknown": false,
                  "owner": "Apache Software Foundation",
                  "homepage_url": "http://www.apache.org/licenses/",
                  "text_url": "http://www.apache.org/licenses/LICENSE-2.0",
                  "reference_url": "https://scancode-licensedb.aboutcode.org/apache-2.0",
                  "scancode_url": "https://github.com/nexB/scancode-toolkit/tree/develop/src/licensedcode/data/licenses/apache-2.0.LICENSE",
                  "spdx_license_key": "Apache-2.0",
                  "spdx_url": "https://spdx.org/licenses/Apache-2.0"
                }
              ],
              "is_builtin": true
            }
          ]
        }
      ],
      "license_clues": [],
      "percentage_of_license_text": 96.33,
      "scan_errors": []
    }
  ]
}