-
-
- public-domain AND gpl-3.0-plus AND gpl-2.0-plus
- |
  Copyright (c) 1988, 1992, 1993, 1994, 1995, 1996, 1997, 1999, 2000, 2001, 2003, 2004, 2005, 2006, 2007 Free Software Foundation, Inc.
  Copyright (c) 2006, 2007 Bdale Garbee <bdale@gag.com>
