[
  {
    "type": "cocoapods",
    "namespace": null,
    "name": "Starscream",
    "version": "4.0.3",
    "qualifiers": {},
    "subpath": null,
    "primary_language": "Objective-C",
    "description": "A conforming WebSocket RFC 6455 client library in Swift.",
    "release_date": null,
    "parties": [
      {
        "type": "person",
        "role": "author",
        "name": "Dalton Cherry ",
        "email": "http://daltoniam.com",
        "url": null
      },
      {
        "type": "person",
        "role": "author",
        "name": " Austin Cherry ",
        "email": "http://austincherry.me",
        "url": null
      }
    ],
    "keywords": [],
    "homepage_url": "https://github.com/daltoniam/Starscream",
    "download_url": null,
    "size": null,
    "sha1": null,
    "md5": null,
    "sha256": null,
    "sha512": null,
    "bug_tracking_url": "https://github.com/daltoniam/Starscream/issues/",
    "code_view_url": "https://github.com/daltoniam/Starscream/tree/4.0.3",
    "vcs_url": "https://github.com/daltoniam/Starscream.git",
    "copyright": null,
    "declared_license_expression": "apache-2.0",
    "declared_license_expression_spdx": "Apache-2.0",
    "license_detections": [
      {
        "license_expression": "apache-2.0",
        "detection_log": [
          "not-combined"
        ],
        "matches": [
          {
            "score": 100.0,
            "start_line": 1,
            "end_line": 1,
            "matched_length": 5,
            "match_coverage": 100.0,
            "matcher": "1-hash",
            "license_expression": "apache-2.0",
            "rule_identifier": "apache-2.0_48.RULE",
            "rule_url": "https://github.com/nexB/scancode-toolkit/tree/develop/src/licensedcode/data/rules/apache-2.0_48.RULE",
            "referenced_filenames": [],
            "is_license_text": false,
            "is_license_notice": false,
            "is_license_reference": true,
            "is_license_tag": false,
            "is_license_intro": false,
            "rule_length": 5,
            "rule_relevance": 100,
            "matched_text": "Apache License, Version 2.0",
            "licenses": [
              {
                "key": "apache-2.0",
                "name": "Apache License 2.0",
                "short_name": "Apache 2.0",
                "category": "Permissive",
                "is_exception": false,
                "is_unknown": false,
                "owner": "Apache Software Foundation",
                "homepage_url": "http://www.apache.org/licenses/",
                "text_url": "http://www.apache.org/licenses/LICENSE-2.0",
                "reference_url": "https://scancode-licensedb.aboutcode.org/apache-2.0",
                "scancode_url": "https://github.com/nexB/scancode-toolkit/tree/develop/src/licensedcode/data/licenses/apache-2.0.LICENSE",
                "spdx_license_key": "Apache-2.0",
                "spdx_url": "https://spdx.org/licenses/Apache-2.0"
              }
            ]
          }
        ]
      }
    ],
    "other_license_expression": null,
    "other_license_expression_spdx": null,
    "other_license_detections": [],
    "extracted_license_statement": "Apache License, Version 2.0",
    "notice_text": null,
    "source_packages": [],
    "file_references": [],
    "extra_data": {},
    "dependencies": [],
    "repository_homepage_url": "https://cocoapods.org/pods/Starscream",
    "repository_download_url": "https://github.com/daltoniam/Starscream/archive/refs/tags/4.0.3.zip",
    "api_data_url": "https://raw.githubusercontent.com/CocoaPods/Specs/blob/master/Specs/2/2/f/Starscream/4.0.3/Starscream.podspec.json",
    "datasource_id": "cocoapods_podspec",
    "purl": "pkg:cocoapods/Starscream@4.0.3"
  }
]