-
-
- openssl-ssleay
- |
  Copyright (c) 1998-2004 The OpenSSL Project
  Copyright (c) 1995-1998 Eric A. Young, Tim J. Hudson
  Copyright (c) 1998-2004 The OpenSSL Project
  Copyright (c) 1995-1998 Eric Young (eay@cryptsoft.com)
  holder is Tim Hudson (tjh@cryptsoft.com)
