- (public-domain AND lgpl-2.0 AND lgpl-2.1-plus AND gpl-2.0-plus AND (public-domain AND gpl-2.0-plus
  AND gpl-3.0-plus) AND lgpl-2.1 AND (epl-2.0 OR gpl-2.0-plus OR lgpl-2.1-plus) AND gpl-3.0)
  AND public-domain
- - Different licenses apply to different files in this package. Here
  - PD
  - probably-PD
  - GPL-2+
  - PD
  - PD
  - LGPL-2.1+
  - permissive-fsf
  - Autoconf
  - permissive-nowarranty
  - GPL-2
  - none
  - none
  - PD
  - PD
  - PD
  - permissive-nowarranty
  - config-h
  - LGPL-2.1+
  - noderivs
  - PD-debian
  - LGPL-2.1+
  - GPL-2
  - GPL-2+
  - Autoconf
  - permissive-fsf
  - permissive-nowarranty
- (public-domain AND public-domain AND lgpl-2.0 AND lgpl-2.1-plus AND gpl-2.0-plus AND public-domain
  AND public-domain AND (public-domain AND gpl-2.0-plus AND gpl-3.0-plus) AND public-domain
  AND public-domain AND public-domain AND public-domain AND public-domain AND lgpl-2.1 AND (epl-2.0
  OR gpl-2.0-plus OR lgpl-2.1-plus) AND gpl-3.0 AND public-domain AND public-domain) AND public-domain
  AND public-domain AND (public-domain AND public-domain) AND public-domain AND (gpl-2.0-plus
  AND gpl-2.0-plus) AND public-domain AND public-domain AND (lgpl-2.1-plus AND lgpl-2.1-plus
  AND lgpl-2.1) AND fsf-unlimited AND (gpl-3.0-plus WITH autoconf-macro-exception AND gpl-3.0)
  AND fsf-ap AND (gpl-2.0 AND gpl-2.0 AND gpl-2.0-plus AND gpl-2.0) AND public-domain AND public-domain
  AND public-domain AND public-domain AND public-domain AND public-domain AND fsf-ap AND (public-domain
  AND fsf-unlimited AND autoconf-exception-2.0 AND gpl-2.0) AND (lgpl-2.1-plus AND lgpl-2.1-plus
  AND lgpl-2.1) AND other-copyleft AND public-domain
- |
  2006-2018, Lasse Collin
  1999-2008, Igor Pavlov
  2006, Ville Koskinen
  1998, Steve Reid
  2000, Wei Dai
  2003, Kevin Springle
  2009, Jonathan Nieder
  2010, Anders F Björklund
  2009-2010, Lasse Collin
  © 1993, Jean-loup Gailly
  © 1989-1994, 1996-1999, 2001-2007, Free Software Foundation, Inc.
  © 2006 Timo Lindfors
  2005, Charles Levert
  2005, 2009, Lasse Collin
  2009, Andrew Dudman
  2009, Andrew Dudman
  2009, Lasse Collin
  2010, Daniel Mealha Cabrita
  © 1987-2007 Free Software Foundation, Inc.
  © 2002-2006, 2008 Free Software Foundation, Inc.
  © 2007-2008 Free Software Foundation, Inc.
  © 2008, Steven G. Johnson <stevenj@alum.mit.edu>
  © 2014, Google Inc.
  © 2015, Lasse Collin <lasse.collin@tukaani.org>
  © 1997-2007 by Dimitri van Heesch
  none, automatically generated data
  none; these are just short lists.
  2008-2009, Lasse Collin
  2010, Marek Černocký
  2010, Andre Noll
  2011, Adrien Nader
  2009, 2010, Gruppo traduzione italiano di Ubuntu-it
  2010, Lorenzo De Liso
  2009, 2010, 2011, Milo Casagrande
  2011, Jakub Bogusz
  © 1994, 1995, 1996, 1999, 2000, 2001, 2002, 2004, 2005,
  2006, 2007, 2008, 2009, 2010 Free Software Foundation, Inc.
  © 1992, 1993, 1994, 1999, 2000, 2001, 2002, 2005
  Free Software Foundation, Inc.
  2007-2010, Lasse Collin
  © 2003 Free Software Foundation, Inc.
  © 1989, 1991, 1999, 2007 Free Software Foundation, Inc.
  2009-2012, Jonathan Nieder
