declared_license:
declared_license_expression: gpl-3.0-plus AND gfdl-1.3-plus
declared_license_expression_spdx: GPL-3.0-or-later AND GFDL-1.3-or-later
other_license_expression:
other_license_expression_spdx:
license_detections:
  - license_expression: gpl-3.0-plus AND gfdl-1.3-plus
    detection_log:
      - not-combined
    matches:
      - score: '87.25'
        start_line: 49
        end_line: 73
        matched_length: 130
        match_coverage: '87.25'
        matcher: 3-seq
        license_expression: gpl-3.0-plus
        rule_identifier: gpl-3.0-plus_410.RULE
        rule_url: https://github.com/nexB/scancode-toolkit/tree/develop/src/licensedcode/data/rules/gpl-3.0-plus_410.RULE
        referenced_filenames: []
        is_license_text: no
        is_license_notice: yes
        is_license_reference: no
        is_license_tag: no
        is_license_intro: no
        rule_length: 149
        rule_relevance: 100
        matched_text: |
          This program is free software: you can redistribute it and/or modify
             it under the terms of the GNU General Public License as published by
             the Free Software Foundation, either version 3 of the License, or
             (at your option) any later version.

             This program is distributed in the hope that it will be useful,
             but WITHOUT ANY WARRANTY; without even the implied warranty of
             MERCHANTABILITY or FITNESS FOR A PARTICULAR PURPOSE.  See the
             GNU General Public License for more details.

             You should have received a copy of the GNU General Public License
             along with this program.  If not, see <http://www.gnu.org/licenses/>.
          ----------------------------

          On Debian GNU/Linux systems, the complete text of the GNU General
          Public License version 3 can be found in `/usr/share/common-licenses/GPL-3'.

          =============================================
          DOCUMENTATION
          ----------------------------
          Copyright (C) 1994-2021 Free Software Foundation, Inc.

          Permission is granted to copy, distribute and/or modify this
          document under the terms of the GNU Free Documentation License,
          Version
        licenses:
          - key: gpl-3.0-plus
            name: GNU General Public License 3.0 or later
            short_name: GPL 3.0 or later
            category: Copyleft
            is_exception: no
            is_unknown: no
            owner: Free Software Foundation (FSF)
            homepage_url: http://www.gnu.org/licenses/gpl-3.0-standalone.html
            text_url: http://www.gnu.org/licenses/gpl-3.0-standalone.html
            reference_url: https://scancode-licensedb.aboutcode.org/gpl-3.0-plus
            scancode_url: https://github.com/nexB/scancode-toolkit/tree/develop/src/licensedcode/data/licenses/gpl-3.0-plus.LICENSE
            spdx_license_key: GPL-3.0-or-later
            spdx_url: https://spdx.org/licenses/GPL-3.0-or-later
      - score: '100.0'
        start_line: 71
        end_line: 81
        matched_length: 88
        match_coverage: '100.0'
        matcher: 2-aho
        license_expression: gfdl-1.3-plus
        rule_identifier: gfdl-1.3-plus_6.RULE
        rule_url: https://github.com/nexB/scancode-toolkit/tree/develop/src/licensedcode/data/rules/gfdl-1.3-plus_6.RULE
        referenced_filenames:
          - /usr/share/common-licenses/GFDL-1.3
        is_license_text: no
        is_license_notice: yes
        is_license_reference: no
        is_license_tag: no
        is_license_intro: no
        rule_length: 88
        rule_relevance: 100
        matched_text: |
          Permission is granted to copy, distribute and/or modify this
          document under the terms of the GNU Free Documentation License,
          Version 1.3 or any later version published by the Free Software
          Foundation; with no Invariant Sections, no Front-Cover Texts, and
          no Back-Cover Texts.  A copy of the license is included in the
          section entitled "GNU Free Documentation License".

          ----------------------------

          On Debian GNU/Linux systems, the complete text of the GNU Free Documentation
          License, Version 1.3 can be found in `/usr/share/common-licenses/GFDL-1.3'.
        licenses:
          - key: gfdl-1.3-plus
            name: GNU Free Documentation License v1.3 or later
            short_name: GFDL 1.3 or later
            category: Copyleft Limited
            is_exception: no
            is_unknown: no
            owner: Free Software Foundation (FSF)
            homepage_url: http://www.gnu.org/licenses/fdl-1.3.txt
            text_url: http://www.gnu.org/licenses/fdl-1.3.txt
            reference_url: https://scancode-licensedb.aboutcode.org/gfdl-1.3-plus
            scancode_url: https://github.com/nexB/scancode-toolkit/tree/develop/src/licensedcode/data/licenses/gfdl-1.3-plus.LICENSE
            spdx_license_key: GFDL-1.3-or-later
            spdx_url: https://spdx.org/licenses/GFDL-1.3-or-later
other_license_detections: []
copyright: |
  Copyright (c) 1990-2021 Free Software Foundation, Inc.
  Copyright (c) 1994-2021 Free Software Foundation, Inc.
