{
  "dependencies": [
    {
      "purl": "pkg:npm/%40types/node",
      "extracted_requirement": "^8.0.24",
      "scope": "dependencies",
      "is_runtime": true,
      "is_optional": false,
      "is_resolved": false,
      "resolved_package": {},
      "extra_data": {},
      "dependency_uid": "pkg:npm/%40types/node?uuid=fixed-uid-done-for-testing-5642512d1758",
      "for_package_uid": "pkg:npm/electron@3.1.11?uuid=fixed-uid-done-for-testing-5642512d1758",
      "datafile_path": "package/package.json",
      "datasource_id": "npm_package_json"
    },
    {
      "purl": "pkg:npm/electron-download",
      "extracted_requirement": "^4.1.0",
      "scope": "dependencies",
      "is_runtime": true,
      "is_optional": false,
      "is_resolved": false,
      "resolved_package": {},
      "extra_data": {},
      "dependency_uid": "pkg:npm/electron-download?uuid=fixed-uid-done-for-testing-5642512d1758",
      "for_package_uid": "pkg:npm/electron@3.1.11?uuid=fixed-uid-done-for-testing-5642512d1758",
      "datafile_path": "package/package.json",
      "datasource_id": "npm_package_json"
    },
    {
      "purl": "pkg:npm/extract-zip",
      "extracted_requirement": "^1.0.3",
      "scope": "dependencies",
      "is_runtime": true,
      "is_optional": false,
      "is_resolved": false,
      "resolved_package": {},
      "extra_data": {},
      "dependency_uid": "pkg:npm/extract-zip?uuid=fixed-uid-done-for-testing-5642512d1758",
      "for_package_uid": "pkg:npm/electron@3.1.11?uuid=fixed-uid-done-for-testing-5642512d1758",
      "datafile_path": "package/package.json",
      "datasource_id": "npm_package_json"
    },
    {
      "purl": "pkg:npm/home-path",
      "extracted_requirement": "^0.1.1",
      "scope": "devDependencies",
      "is_runtime": false,
      "is_optional": true,
      "is_resolved": false,
      "resolved_package": {},
      "extra_data": {},
      "dependency_uid": "pkg:npm/home-path?uuid=fixed-uid-done-for-testing-5642512d1758",
      "for_package_uid": "pkg:npm/electron@3.1.11?uuid=fixed-uid-done-for-testing-5642512d1758",
      "datafile_path": "package/package.json",
      "datasource_id": "npm_package_json"
    },
    {
      "purl": "pkg:npm/path-exists",
      "extracted_requirement": "^2.0.0",
      "scope": "devDependencies",
      "is_runtime": false,
      "is_optional": true,
      "is_resolved": false,
      "resolved_package": {},
      "extra_data": {},
      "dependency_uid": "pkg:npm/path-exists?uuid=fixed-uid-done-for-testing-5642512d1758",
      "for_package_uid": "pkg:npm/electron@3.1.11?uuid=fixed-uid-done-for-testing-5642512d1758",
      "datafile_path": "package/package.json",
      "datasource_id": "npm_package_json"
    },
    {
      "purl": "pkg:npm/standard",
      "extracted_requirement": "^5.4.1",
      "scope": "devDependencies",
      "is_runtime": false,
      "is_optional": true,
      "is_resolved": false,
      "resolved_package": {},
      "extra_data": {},
      "dependency_uid": "pkg:npm/standard?uuid=fixed-uid-done-for-testing-5642512d1758",
      "for_package_uid": "pkg:npm/electron@3.1.11?uuid=fixed-uid-done-for-testing-5642512d1758",
      "datafile_path": "package/package.json",
      "datasource_id": "npm_package_json"
    }
  ],
  "packages": [
    {
      "type": "npm",
      "namespace": null,
      "name": "electron",
      "version": "3.1.11",
      "qualifiers": {},
      "subpath": null,
      "primary_language": "JavaScript",
      "description": "Build cross platform desktop apps with JavaScript, HTML, and CSS",
      "release_date": null,
      "parties": [
        {
          "type": "person",
          "role": "author",
          "name": "Electron Community",
          "email": null,
          "url": null
        }
      ],
      "keywords": [
        "electron"
      ],
      "homepage_url": null,
      "download_url": "https://registry.npmjs.org/electron/-/electron-3.1.11.tgz",
      "size": null,
      "sha1": null,
      "md5": null,
      "sha256": null,
      "sha512": null,
      "bug_tracking_url": null,
      "code_view_url": null,
      "vcs_url": "https://github.com/electron/electron",
      "copyright": null,
      "declared_license_expression": "mit",
      "declared_license_expression_spdx": "MIT",
      "license_detections": [
        {
          "license_expression": "mit",
          "detection_log": [
            "not-combined"
          ],
          "matches": [
            {
              "score": 100.0,
              "start_line": 1,
              "end_line": 1,
              "matched_length": 1,
              "match_coverage": 100.0,
              "matcher": "1-spdx-id",
              "license_expression": "mit",
              "rule_identifier": "spdx-license-identifier: mit",
              "rule_url": null,
              "referenced_filenames": [],
              "is_license_text": false,
              "is_license_notice": false,
              "is_license_reference": false,
              "is_license_tag": true,
              "is_license_intro": false,
              "rule_length": 1,
              "rule_relevance": 100,
              "matched_text": "MIT",
              "licenses": [
                {
                  "key": "mit",
                  "name": "MIT License",
                  "short_name": "MIT License",
                  "category": "Permissive",
                  "is_exception": false,
                  "is_unknown": false,
                  "owner": "MIT",
                  "homepage_url": "http://opensource.org/licenses/mit-license.php",
                  "text_url": "http://opensource.org/licenses/mit-license.php",
                  "reference_url": "https://scancode-licensedb.aboutcode.org/mit",
                  "scancode_url": "https://github.com/nexB/scancode-toolkit/tree/develop/src/licensedcode/data/licenses/mit.LICENSE",
                  "spdx_license_key": "MIT",
                  "spdx_url": "https://spdx.org/licenses/MIT"
                }
              ]
            }
          ]
        }
      ],
      "other_license_expression": null,
      "other_license_expression_spdx": null,
      "other_license_detections": [],
      "extracted_license_statement": "['MIT']",
      "notice_text": null,
      "source_packages": [],
      "extra_data": {},
      "repository_homepage_url": "https://www.npmjs.com/package/electron",
      "repository_download_url": "https://registry.npmjs.org/electron/-/electron-3.1.11.tgz",
      "api_data_url": "https://registry.npmjs.org/electron/3.1.11",
      "package_uid": "pkg:npm/electron@3.1.11?uuid=fixed-uid-done-for-testing-5642512d1758",
      "datafile_paths": [
        "package/package.json"
      ],
      "datasource_ids": [
        "npm_package_json"
      ],
      "purl": "pkg:npm/electron@3.1.11"
    }
  ],
  "files": [
    {
      "path": "package",
      "type": "directory",
      "package_data": [],
      "for_packages": [],
      "scan_errors": []
    },
    {
      "path": "package/cli.js",
      "type": "file",
      "package_data": [],
      "for_packages": [
        "pkg:npm/electron@3.1.11?uuid=fixed-uid-done-for-testing-5642512d1758"
      ],
      "scan_errors": []
    },
    {
      "path": "package/package.json",
      "type": "file",
      "package_data": [
        {
          "type": "npm",
          "namespace": null,
          "name": "electron",
          "version": "3.1.11",
          "qualifiers": {},
          "subpath": null,
          "primary_language": "JavaScript",
          "description": "Build cross platform desktop apps with JavaScript, HTML, and CSS",
          "release_date": null,
          "parties": [
            {
              "type": "person",
              "role": "author",
              "name": "Electron Community",
              "email": null,
              "url": null
            }
          ],
          "keywords": [
            "electron"
          ],
          "homepage_url": null,
          "download_url": "https://registry.npmjs.org/electron/-/electron-3.1.11.tgz",
          "size": null,
          "sha1": null,
          "md5": null,
          "sha256": null,
          "sha512": null,
          "bug_tracking_url": null,
          "code_view_url": null,
          "vcs_url": "https://github.com/electron/electron",
          "copyright": null,
          "declared_license_expression": "mit",
          "declared_license_expression_spdx": "MIT",
          "license_detections": [
            {
              "license_expression": "mit",
              "detection_log": [
                "not-combined"
              ],
              "matches": [
                {
                  "score": 100.0,
                  "start_line": 1,
                  "end_line": 1,
                  "matched_length": 1,
                  "match_coverage": 100.0,
                  "matcher": "1-spdx-id",
                  "license_expression": "mit",
                  "rule_identifier": "spdx-license-identifier: mit",
                  "rule_url": null,
                  "referenced_filenames": [],
                  "is_license_text": false,
                  "is_license_notice": false,
                  "is_license_reference": false,
                  "is_license_tag": true,
                  "is_license_intro": false,
                  "rule_length": 1,
                  "rule_relevance": 100,
                  "matched_text": "MIT",
                  "licenses": [
                    {
                      "key": "mit",
                      "name": "MIT License",
                      "short_name": "MIT License",
                      "category": "Permissive",
                      "is_exception": false,
                      "is_unknown": false,
                      "owner": "MIT",
                      "homepage_url": "http://opensource.org/licenses/mit-license.php",
                      "text_url": "http://opensource.org/licenses/mit-license.php",
                      "reference_url": "https://scancode-licensedb.aboutcode.org/mit",
                      "scancode_url": "https://github.com/nexB/scancode-toolkit/tree/develop/src/licensedcode/data/licenses/mit.LICENSE",
                      "spdx_license_key": "MIT",
                      "spdx_url": "https://spdx.org/licenses/MIT"
                    }
                  ]
                }
              ]
            }
          ],
          "other_license_expression": null,
          "other_license_expression_spdx": null,
          "other_license_detections": [],
          "extracted_license_statement": "['MIT']",
          "notice_text": null,
          "source_packages": [],
          "file_references": [],
          "extra_data": {},
          "dependencies": [
            {
              "purl": "pkg:npm/%40types/node",
              "extracted_requirement": "^8.0.24",
              "scope": "dependencies",
              "is_runtime": true,
              "is_optional": false,
              "is_resolved": false,
              "resolved_package": {},
              "extra_data": {}
            },
            {
              "purl": "pkg:npm/electron-download",
              "extracted_requirement": "^4.1.0",
              "scope": "dependencies",
              "is_runtime": true,
              "is_optional": false,
              "is_resolved": false,
              "resolved_package": {},
              "extra_data": {}
            },
            {
              "purl": "pkg:npm/extract-zip",
              "extracted_requirement": "^1.0.3",
              "scope": "dependencies",
              "is_runtime": true,
              "is_optional": false,
              "is_resolved": false,
              "resolved_package": {},
              "extra_data": {}
            },
            {
              "purl": "pkg:npm/home-path",
              "extracted_requirement": "^0.1.1",
              "scope": "devDependencies",
              "is_runtime": false,
              "is_optional": true,
              "is_resolved": false,
              "resolved_package": {},
              "extra_data": {}
            },
            {
              "purl": "pkg:npm/path-exists",
              "extracted_requirement": "^2.0.0",
              "scope": "devDependencies",
              "is_runtime": false,
              "is_optional": true,
              "is_resolved": false,
              "resolved_package": {},
              "extra_data": {}
            },
            {
              "purl": "pkg:npm/standard",
              "extracted_requirement": "^5.4.1",
              "scope": "devDependencies",
              "is_runtime": false,
              "is_optional": true,
              "is_resolved": false,
              "resolved_package": {},
              "extra_data": {}
            }
          ],
          "repository_homepage_url": "https://www.npmjs.com/package/electron",
          "repository_download_url": "https://registry.npmjs.org/electron/-/electron-3.1.11.tgz",
          "api_data_url": "https://registry.npmjs.org/electron/3.1.11",
          "datasource_id": "npm_package_json",
          "purl": "pkg:npm/electron@3.1.11"
        }
      ],
      "for_packages": [
        "pkg:npm/electron@3.1.11?uuid=fixed-uid-done-for-testing-5642512d1758"
      ],
      "scan_errors": []
    }
  ]
}