-
-
- mit AND gpl-2.0-plus AND gpl-2.0-plus AND gpl-2.0-plus AND gpl-1.0-plus AND gpl-1.0-plus
- |
  Copyright (c) 1996-2011 Red Hat, Inc.
  Copyright (c) 1996-2011 Anthony Green
  Copyright (c) 1996-2010 Free Software Foundation, Inc
  Copyright (c) 2003, 2004, 2006, 2007, 2008 Kaz Kojima
  Copyright (c) 2010, 2011, Plausible Labs Cooperative, Inc.
  Copyright (c) 2010 CodeSourcery
  Copyright (c) 1998 Andreas Schwab
  Copyright (c) 2000 Hewlett Packard Company
  Copyright (c) 2009 Bradley Smith
  Copyright (c) 2008 David Daney
  Copyright (c) 2004 Simon Posnjak
  Copyright (c) 2005 Axis Communications AB
  Copyright (c) 1998 Cygnus Solutions
  Copyright (c) 2004 Renesas Technology
  Copyright (c) 2002, 2007 Bo Thorsen <bo@suse.de>
  Copyright (c) 2002 Ranjit Mathew
  Copyright (c) 2002 Roger Sayle
  Copyright (c) 2000, 2007 Software AG
  Copyright (c) 2003 Jakub Jelinek
  Copyright (c) 2000, 2001 John Hornkvist
  Copyright (c) 1998 Geoffrey Keating
  Copyright (c) 2008 Bjorn Konig
  Copyright (c) 1996-2010 Red Hat, Inc and others
  (c) 2008, 2011 Matthias Klose <doko@debian.org>
