[
  {
    "type": "freebsd",
    "namespace": null,
    "name": "rubygem-ttfunk",
    "version": "1.5.1",
    "qualifiers": {
      "arch": "freebsd:10:*",
      "origin": "print/rubygem-ttfunk"
    },
    "subpath": null,
    "primary_language": null,
    "description": "Font Metrics Parser for Prawn\n\nWWW: https://github.com/prawnpdf/ttfunk",
    "release_date": null,
    "parties": [
      {
        "type": "person",
        "role": "maintainer",
        "name": null,
        "email": "ruby@FreeBSD.org",
        "url": null
      }
    ],
    "keywords": [
      "print",
      "rubygems"
    ],
    "homepage_url": "https://github.com/prawnpdf/ttfunk",
    "download_url": "https://pkg.freebsd.org/freebsd:10:*/latest/All/rubygem-ttfunk-1.5.1.txz",
    "size": null,
    "sha1": null,
    "md5": null,
    "sha256": null,
    "sha512": null,
    "bug_tracking_url": null,
    "code_view_url": "https://svnweb.freebsd.org/ports/head/print/rubygem-ttfunk",
    "vcs_url": null,
    "copyright": null,
    "declared_license_expression": "gpl-3.0 OR ruby OR gpl-2.0",
    "declared_license_expression_spdx": "GPL-3.0-only OR Ruby OR GPL-2.0-only",
    "license_detections": [
      {
        "license_expression": "gpl-3.0",
        "detection_log": [
          "not-combined"
        ],
        "matches": [
          {
            "score": 100.0,
            "start_line": 1,
            "end_line": 1,
            "matched_length": 1,
            "match_coverage": 100.0,
            "matcher": "1-hash",
            "license_expression": "gpl-3.0",
            "rule_identifier": "gpl-3.0_32.RULE",
            "rule_url": "https://github.com/nexB/scancode-toolkit/tree/develop/src/licensedcode/data/rules/gpl-3.0_32.RULE",
            "matched_text": "GPLv3"
          }
        ]
      },
      {
        "license_expression": "ruby",
        "detection_log": [
          "not-combined"
        ],
        "matches": [
          {
            "score": 100.0,
            "start_line": 1,
            "end_line": 1,
            "matched_length": 1,
            "match_coverage": 100.0,
            "matcher": "1-spdx-id",
            "license_expression": "ruby",
            "rule_identifier": "spdx-license-identifier-ruby-549f9d48faec54b20eadf7c9097124f88f2cdd2b",
            "rule_url": null,
            "matched_text": "RUBY"
          }
        ]
      },
      {
        "license_expression": "gpl-2.0",
        "detection_log": [
          "not-combined"
        ],
        "matches": [
          {
            "score": 100.0,
            "start_line": 1,
            "end_line": 1,
            "matched_length": 1,
            "match_coverage": 100.0,
            "matcher": "1-hash",
            "license_expression": "gpl-2.0",
            "rule_identifier": "gpl-2.0_bare_single_word.RULE",
            "rule_url": "https://github.com/nexB/scancode-toolkit/tree/develop/src/licensedcode/data/rules/gpl-2.0_bare_single_word.RULE",
            "matched_text": "GPLv2"
          }
        ]
      }
    ],
    "other_license_expression": null,
    "other_license_expression_spdx": null,
    "other_license_detections": [],
    "extracted_license_statement": "{'licenses': ['GPLv3', 'RUBY', 'GPLv2'], 'licenselogic': 'or'}",
    "notice_text": null,
    "source_packages": [],
    "file_references": [],
    "extra_data": {},
    "dependencies": [],
    "repository_homepage_url": null,
    "repository_download_url": null,
    "api_data_url": null,
    "datasource_id": "freebsd_compact_manifest",
    "purl": "pkg:freebsd/rubygem-ttfunk@1.5.1?arch=freebsd:10:%2A&origin=print/rubygem-ttfunk"
  }
]