[
  {
    "type": "composer",
    "namespace": "jandreasn",
    "name": "a-timer",
    "version": null,
    "qualifiers": {},
    "subpath": null,
    "primary_language": "PHP",
    "description": null,
    "release_date": null,
    "parties": [
      {
        "type": "person",
        "role": "author",
        "name": "Andreas Nilsson",
        "email": null,
        "url": null
      },
      {
        "type": "person",
        "role": "vendor",
        "name": "jandreasn",
        "email": null,
        "url": null
      }
    ],
    "keywords": [],
    "homepage_url": "http://github.com/jandreasn/a-timer",
    "download_url": null,
    "size": null,
    "sha1": null,
    "md5": null,
    "sha256": null,
    "sha512": null,
    "bug_tracking_url": null,
    "code_view_url": null,
    "vcs_url": null,
    "copyright": null,
    "declared_license_expression": "mit",
    "declared_license_expression_spdx": "MIT",
    "license_detections": [
      {
        "license_expression": "mit",
        "detection_log": [
          "not-combined"
        ],
        "matches": [
          {
            "score": 100.0,
            "start_line": 1,
            "end_line": 1,
            "matched_length": 1,
            "match_coverage": 100.0,
            "matcher": "1-spdx-id",
            "license_expression": "mit",
            "rule_identifier": "spdx-license-identifier: mit",
            "rule_url": null,
            "referenced_filenames": [],
            "is_license_text": false,
            "is_license_notice": false,
            "is_license_reference": false,
            "is_license_tag": true,
            "is_license_intro": false,
            "rule_length": 1,
            "rule_relevance": 100,
            "matched_text": "MIT",
            "licenses": [
              {
                "key": "mit",
                "name": "MIT License",
                "short_name": "MIT License",
                "category": "Permissive",
                "is_exception": false,
                "is_unknown": false,
                "owner": "MIT",
                "homepage_url": "http://opensource.org/licenses/mit-license.php",
                "text_url": "http://opensource.org/licenses/mit-license.php",
                "reference_url": "https://scancode-licensedb.aboutcode.org/mit",
                "scancode_url": "https://github.com/nexB/scancode-toolkit/tree/develop/src/licensedcode/data/licenses/mit.LICENSE",
                "spdx_license_key": "MIT",
                "spdx_url": "https://spdx.org/licenses/MIT"
              }
            ]
          }
        ]
      }
    ],
    "other_license_expression": null,
    "other_license_expression_spdx": null,
    "other_license_detections": [],
    "extracted_license_statement": "MIT",
    "notice_text": null,
    "source_packages": [],
    "file_references": [],
    "extra_data": {},
    "dependencies": [
      {
        "purl": "pkg:composer/php",
        "extracted_requirement": ">=5.6.0",
        "scope": "require",
        "is_runtime": true,
        "is_optional": false,
        "is_resolved": false,
        "resolved_package": {},
        "extra_data": {}
      },
      {
        "purl": "pkg:composer/phpunit/phpunit",
        "extracted_requirement": "^5.6",
        "scope": "require-dev",
        "is_runtime": false,
        "is_optional": true,
        "is_resolved": false,
        "resolved_package": {},
        "extra_data": {}
      },
      {
        "purl": "pkg:composer/squizlabs/php_codesniffer",
        "extracted_requirement": "^2.7",
        "scope": "require-dev",
        "is_runtime": false,
        "is_optional": true,
        "is_resolved": false,
        "resolved_package": {},
        "extra_data": {}
      }
    ],
    "repository_homepage_url": "https://packagist.org/packages/jandreasn/a-timer",
    "repository_download_url": null,
    "api_data_url": "https://packagist.org/p/packages/jandreasn/a-timer.json",
    "datasource_id": "php_composer_json",
    "purl": "pkg:composer/jandreasn/a-timer"
  }
]