- - BSD-2-clause
  - GPL-2
- bsd-simplified AND (gpl-2.0 AND gpl-2.0-plus AND gpl-2.0)
- 2012-2014 Yann Collet
